Archive member included to satisfy reference by file (symbol)

d:/stm32/stm32cube/stm32cubeide_1.7.0/stm32cubeide/plugins/com.st.stm32cube.ide.mcu.externaltools.gnu-tools-for-stm32.10.3-2021.10.win32_1.0.0.202111181127/tools/bin/../lib/gcc/arm-none-eabi/10.3.1/../../../../arm-none-eabi/lib/thumb/v7-m/nofp\libc_nano.a(lib_a-errno.o)
                              ./Core/Src/syscalls.o (__errno)
d:/stm32/stm32cube/stm32cubeide_1.7.0/stm32cubeide/plugins/com.st.stm32cube.ide.mcu.externaltools.gnu-tools-for-stm32.10.3-2021.10.win32_1.0.0.202111181127/tools/bin/../lib/gcc/arm-none-eabi/10.3.1/../../../../arm-none-eabi/lib/thumb/v7-m/nofp\libc_nano.a(lib_a-exit.o)
                              d:/stm32/stm32cube/stm32cubeide_1.7.0/stm32cubeide/plugins/com.st.stm32cube.ide.mcu.externaltools.gnu-tools-for-stm32.10.3-2021.10.win32_1.0.0.202111181127/tools/bin/../lib/gcc/arm-none-eabi/10.3.1/../../../../arm-none-eabi/lib/thumb/v7-m/nofp/crt0.o (exit)
d:/stm32/stm32cube/stm32cubeide_1.7.0/stm32cubeide/plugins/com.st.stm32cube.ide.mcu.externaltools.gnu-tools-for-stm32.10.3-2021.10.win32_1.0.0.202111181127/tools/bin/../lib/gcc/arm-none-eabi/10.3.1/../../../../arm-none-eabi/lib/thumb/v7-m/nofp\libc_nano.a(lib_a-findfp.o)
                              ./Middlewares/Third_Party/FreeRTOS/Source/tasks.o (__sf_fake_stderr)
d:/stm32/stm32cube/stm32cubeide_1.7.0/stm32cubeide/plugins/com.st.stm32cube.ide.mcu.externaltools.gnu-tools-for-stm32.10.3-2021.10.win32_1.0.0.202111181127/tools/bin/../lib/gcc/arm-none-eabi/10.3.1/../../../../arm-none-eabi/lib/thumb/v7-m/nofp\libc_nano.a(lib_a-fwalk.o)
                              d:/stm32/stm32cube/stm32cubeide_1.7.0/stm32cubeide/plugins/com.st.stm32cube.ide.mcu.externaltools.gnu-tools-for-stm32.10.3-2021.10.win32_1.0.0.202111181127/tools/bin/../lib/gcc/arm-none-eabi/10.3.1/../../../../arm-none-eabi/lib/thumb/v7-m/nofp\libc_nano.a(lib_a-findfp.o) (_fwalk)
d:/stm32/stm32cube/stm32cubeide_1.7.0/stm32cubeide/plugins/com.st.stm32cube.ide.mcu.externaltools.gnu-tools-for-stm32.10.3-2021.10.win32_1.0.0.202111181127/tools/bin/../lib/gcc/arm-none-eabi/10.3.1/../../../../arm-none-eabi/lib/thumb/v7-m/nofp\libc_nano.a(lib_a-impure.o)
                              d:/stm32/stm32cube/stm32cubeide_1.7.0/stm32cubeide/plugins/com.st.stm32cube.ide.mcu.externaltools.gnu-tools-for-stm32.10.3-2021.10.win32_1.0.0.202111181127/tools/bin/../lib/gcc/arm-none-eabi/10.3.1/../../../../arm-none-eabi/lib/thumb/v7-m/nofp\libc_nano.a(lib_a-exit.o) (_global_impure_ptr)
d:/stm32/stm32cube/stm32cubeide_1.7.0/stm32cubeide/plugins/com.st.stm32cube.ide.mcu.externaltools.gnu-tools-for-stm32.10.3-2021.10.win32_1.0.0.202111181127/tools/bin/../lib/gcc/arm-none-eabi/10.3.1/../../../../arm-none-eabi/lib/thumb/v7-m/nofp\libc_nano.a(lib_a-init.o)
                              d:/stm32/stm32cube/stm32cubeide_1.7.0/stm32cubeide/plugins/com.st.stm32cube.ide.mcu.externaltools.gnu-tools-for-stm32.10.3-2021.10.win32_1.0.0.202111181127/tools/bin/../lib/gcc/arm-none-eabi/10.3.1/../../../../arm-none-eabi/lib/thumb/v7-m/nofp/crt0.o (__libc_init_array)
d:/stm32/stm32cube/stm32cubeide_1.7.0/stm32cubeide/plugins/com.st.stm32cube.ide.mcu.externaltools.gnu-tools-for-stm32.10.3-2021.10.win32_1.0.0.202111181127/tools/bin/../lib/gcc/arm-none-eabi/10.3.1/../../../../arm-none-eabi/lib/thumb/v7-m/nofp\libc_nano.a(lib_a-lock.o)
                              d:/stm32/stm32cube/stm32cubeide_1.7.0/stm32cubeide/plugins/com.st.stm32cube.ide.mcu.externaltools.gnu-tools-for-stm32.10.3-2021.10.win32_1.0.0.202111181127/tools/bin/../lib/gcc/arm-none-eabi/10.3.1/../../../../arm-none-eabi/lib/thumb/v7-m/nofp\libc_nano.a(lib_a-findfp.o) (__retarget_lock_init_recursive)
d:/stm32/stm32cube/stm32cubeide_1.7.0/stm32cubeide/plugins/com.st.stm32cube.ide.mcu.externaltools.gnu-tools-for-stm32.10.3-2021.10.win32_1.0.0.202111181127/tools/bin/../lib/gcc/arm-none-eabi/10.3.1/../../../../arm-none-eabi/lib/thumb/v7-m/nofp\libc_nano.a(lib_a-malloc.o)
                              ./Core/User/GUI_DEV/GUI_Paint.o (malloc)
d:/stm32/stm32cube/stm32cubeide_1.7.0/stm32cubeide/plugins/com.st.stm32cube.ide.mcu.externaltools.gnu-tools-for-stm32.10.3-2021.10.win32_1.0.0.202111181127/tools/bin/../lib/gcc/arm-none-eabi/10.3.1/../../../../arm-none-eabi/lib/thumb/v7-m/nofp\libc_nano.a(lib_a-memcpy-stub.o)
                              ./Core/User/GUI_DEV/GUI_Paint.o (memcpy)
d:/stm32/stm32cube/stm32cubeide_1.7.0/stm32cubeide/plugins/com.st.stm32cube.ide.mcu.externaltools.gnu-tools-for-stm32.10.3-2021.10.win32_1.0.0.202111181127/tools/bin/../lib/gcc/arm-none-eabi/10.3.1/../../../../arm-none-eabi/lib/thumb/v7-m/nofp\libc_nano.a(lib_a-memset.o)
                              d:/stm32/stm32cube/stm32cubeide_1.7.0/stm32cubeide/plugins/com.st.stm32cube.ide.mcu.externaltools.gnu-tools-for-stm32.10.3-2021.10.win32_1.0.0.202111181127/tools/bin/../lib/gcc/arm-none-eabi/10.3.1/../../../../arm-none-eabi/lib/thumb/v7-m/nofp/crt0.o (memset)
[...]
Memory Configuration

Name             Origin             Length             Attributes
RAM              0x0000000020000000 0x0000000000005000 xrw
FLASH            0x0000000008000000 0x0000000000020000 xr
*default*        0x0000000000000000 0xffffffffffffffff

Linker script and memory map

LOAD d:/stm32/stm32cube/stm32cubeide_1.7.0/stm32cubeide/plugins/com.st.stm32cube.ide.mcu.externaltools.gnu-tools-for-stm32.10.3-2021.10.win32_1.0.0.202111181127/tools/bin/../lib/gcc/arm-none-eabi/10.3.1/thumb/v7-m/nofp/crti.o
LOAD d:/stm32/stm32cube/stm32cubeide_1.7.0/stm32cubeide/plugins/com.st.stm32cube.ide.mcu.externaltools.gnu-tools-for-stm32.10.3-2021.10.win32_1.0.0.202111181127/tools/bin/../lib/gcc/arm-none-eabi/10.3.1/thumb/v7-m/nofp/crtbegin.o
LOAD d:/stm32/stm32cube/stm32cubeide_1.7.0/stm32cubeide/plugins/com.st.stm32cube.ide.mcu.externaltools.gnu-tools-for-stm32.10.3-2021.10.win32_1.0.0.202111181127/tools/bin/../lib/gcc/arm-none-eabi/10.3.1/../../../../arm-none-eabi/lib/thumb/v7-m/nofp/crt0.o
LOAD ./Core/Src/freertos.o
LOAD ./Core/Src/gpio.o
LOAD ./Core/Src/main.o
LOAD ./Core/Src/stm32f1xx_hal_msp.o
LOAD ./Core/Src/stm32f1xx_it.o
LOAD ./Core/Src/syscalls.o
LOAD ./Core/Src/sysmem.o
LOAD ./Core/Src/system_stm32f1xx.o
LOAD ./Core/Startup/startup_stm32f103cbtx.o
LOAD ./Core/User/Config/DEV_Config.o
LOAD ./Core/User/Fonts/font12.o
LOAD ./Core/User/Fonts/font12CN.o
LOAD ./Core/User/Fonts/font16.o
LOAD ./Core/User/Fonts/font20.o
LOAD ./Core/User/Fonts/font24.o
LOAD ./Core/User/Fonts/font24CN.o
LOAD ./Core/User/Fonts/font8.o
LOAD ./Core/User/GUI_DEV/GUI_Paint.o
LOAD ./Core/User/LCD/LCD_0in96.o
LOAD ./Core/User/LCD/LCD_1in14.o
LOAD ./Core/User/LCD/LCD_1in3.o
LOAD ./Core/User/LCD/LCD_1in54.o
LOAD ./Core/User/LCD/LCD_1in8.o
LOAD ./Core/User/LCD/LCD_1inch28.o
LOAD ./Core/User/LCD/LCD_2inch.o
LOAD ./Core/User/LCD/LCD_2inch4.o
LOAD ./Core/User/example/LCD_1inch54_test.o
LOAD ./Core/User/image/image.o
LOAD ./Drivers/STM32F1xx_HAL_Driver/Src/stm32f1xx_hal.o
LOAD ./Drivers/STM32F1xx_HAL_Driver/Src/stm32f1xx_hal_cortex.o
LOAD ./Drivers/STM32F1xx_HAL_Driver/Src/stm32f1xx_hal_dma.o
LOAD ./Drivers/STM32F1xx_HAL_Driver/Src/stm32f1xx_hal_exti.o
LOAD ./Drivers/STM32F1xx_HAL_Driver/Src/stm32f1xx_hal_flash.o
LOAD ./Drivers/STM32F1xx_HAL_Driver/Src/stm32f1xx_hal_flash_ex.o
LOAD ./Drivers/STM32F1xx_HAL_Driver/Src/stm32f1xx_hal_gpio.o
LOAD ./Drivers/STM32F1xx_HAL_Driver/Src/stm32f1xx_hal_gpio_ex.o
LOAD ./Drivers/STM32F1xx_HAL_Driver/Src/stm32f1xx_hal_pcd.o
LOAD ./Drivers/STM32F1xx_HAL_Driver/Src/stm32f1xx_hal_pcd_ex.o
LOAD ./Drivers/STM32F1xx_HAL_Driver/Src/stm32f1xx_hal_pwr.o
LOAD ./Drivers/STM32F1xx_HAL_Driver/Src/stm32f1xx_hal_rcc.o
LOAD ./Drivers/STM32F1xx_HAL_Driver/Src/stm32f1xx_hal_rcc_ex.o
LOAD ./Drivers/STM32F1xx_HAL_Driver/Src/stm32f1xx_hal_spi.o
LOAD ./Drivers/STM32F1xx_HAL_Driver/Src/stm32f1xx_hal_tim.o
LOAD ./Drivers/STM32F1xx_HAL_Driver/Src/stm32f1xx_hal_tim_ex.o
LOAD ./Drivers/STM32F1xx_HAL_Driver/Src/stm32f1xx_hal_uart.o
LOAD ./Drivers/STM32F1xx_HAL_Driver/Src/stm32f1xx_ll_usb.o
LOAD ./Middlewares/Third_Party/FreeRTOS/Source/CMSIS_RTOS_V2/cmsis_os2.o
LOAD ./Middlewares/Third_Party/FreeRTOS/Source/croutine.o
LOAD ./Middlewares/Third_Party/FreeRTOS/Source/event_groups.o
LOAD ./Middlewares/Third_Party/FreeRTOS/Source/list.o
LOAD ./Middlewares/Third_Party/FreeRTOS/Source/queue.o
LOAD ./Middlewares/Third_Party/FreeRTOS/Source/stream_buffer.o
LOAD ./Middlewares/Third_Party/FreeRTOS/Source/tasks.o
LOAD ./Middlewares/Third_Party/FreeRTOS/Source/timers.o
LOAD ./Middlewares/Third_Party/FreeRTOS/Source/portable/GCC/ARM_CM3/port.o
LOAD ./Middlewares/Third_Party/FreeRTOS/Source/portable/MemMang/heap_4.o
START GROUP
LOAD d:/stm32/stm32cube/stm32cubeide_1.7.0/stm32cubeide/plugins/com.st.stm32cube.ide.mcu.externaltools.gnu-tools-for-stm32.10.3-2021.10.win32_1.0.0.202111181127/tools/bin/../lib/gcc/arm-none-eabi/10.3.1/../../../../arm-none-eabi/lib/thumb/v7-m/nofp\libc_nano.a
LOAD d:/stm32/stm32cube/stm32cubeide_1.7.0/stm32cubeide/plugins/com.st.stm32cube.ide.mcu.externaltools.gnu-tools-for-stm32.10.3-2021.10.win32_1.0.0.202111181127/tools/bin/../lib/gcc/arm-none-eabi/10.3.1/../../../../arm-none-eabi/lib/thumb/v7-m/nofp\libm.a
END GROUP
START GROUP
LOAD d:/stm32/stm32cube/stm32cubeide_1.7.0/stm32cubeide/plugins/com.st.stm32cube.ide.mcu.externaltools.gnu-tools-for-stm32.10.3-2021.10.win32_1.0.0.202111181127/tools/bin/../lib/gcc/arm-none-eabi/10.3.1/thumb/v7-m/nofp\libgcc.a
LOAD d:/stm32/stm32cube/stm32cubeide_1.7.0/stm32cubeide/plugins/com.st.stm32cube.ide.mcu.externaltools.gnu-tools-for-stm32.10.3-2021.10.win32_1.0.0.202111181127/tools/bin/../lib/gcc/arm-none-eabi/10.3.1/../../../../arm-none-eabi/lib/thumb/v7-m/nofp\libc_nano.a
END GROUP
START GROUP
LOAD d:/stm32/stm32cube/stm32cubeide_1.7.0/stm32cubeide/plugins/com.st.stm32cube.ide.mcu.externaltools.gnu-tools-for-stm32.10.3-2021.10.win32_1.0.0.202111181127/tools/bin/../lib/gcc/arm-none-eabi/10.3.1/thumb/v7-m/nofp\libgcc.a
LOAD d:/stm32/stm32cube/stm32cubeide_1.7.0/stm32cubeide/plugins/com.st.stm32cube.ide.mcu.externaltools.gnu-tools-for-stm32.10.3-2021.10.win32_1.0.0.202111181127/tools/bin/../lib/gcc/arm-none-eabi/10.3.1/../../../../arm-none-eabi/lib/thumb/v7-m/nofp\libc_nano.a
LOAD d:/stm32/stm32cube/stm32cubeide_1.7.0/stm32cubeide/plugins/com.st.stm32cube.ide.mcu.externaltools.gnu-tools-for-stm32.10.3-2021.10.win32_1.0.0.202111181127/tools/bin/../lib/gcc/arm-none-eabi/10.3.1/../../../../arm-none-eabi/lib/thumb/v7-m/nofp\libnosys.a
END GROUP
START GROUP
LOAD d:/stm32/stm32cube/stm32cubeide_1.7.0/stm32cubeide/plugins/com.st.stm32cube.ide.mcu.externaltools.gnu-tools-for-stm32.10.3-2021.10.win32_1.0.0.202111181127/tools/bin/../lib/gcc/arm-none-eabi/10.3.1/thumb/v7-m/nofp\libgcc.a
LOAD d:/stm32/stm32cube/stm32cubeide_1.7.0/stm32cubeide/plugins/com.st.stm32cube.ide.mcu.externaltools.gnu-tools-for-stm32.10.3-2021.10.win32_1.0.0.202111181127/tools/bin/../lib/gcc/arm-none-eabi/10.3.1/../../../../arm-none-eabi/lib/thumb/v7-m/nofp\libc_nano.a
LOAD d:/stm32/stm32cube/stm32cubeide_1.7.0/stm32cubeide/plugins/com.st.stm32cube.ide.mcu.externaltools.gnu-tools-for-stm32.10.3-2021.10.win32_1.0.0.202111181127/tools/bin/../lib/gcc/arm-none-eabi/10.3.1/../../../../arm-none-eabi/lib/thumb/v7-m/nofp\libnosys.a
END GROUP
LOAD d:/stm32/stm32cube/stm32cubeide_1.7.0/stm32cubeide/plugins/com.st.stm32cube.ide.mcu.externaltools.gnu-tools-for-stm32.10.3-2021.10.win32_1.0.0.202111181127/tools/bin/../lib/gcc/arm-none-eabi/10.3.1/thumb/v7-m/nofp/crtend.o
LOAD d:/stm32/stm32cube/stm32cubeide_1.7.0/stm32cubeide/plugins/com.st.stm32cube.ide.mcu.externaltools.gnu-tools-for-stm32.10.3-2021.10.win32_1.0.0.202111181127/tools/bin/../lib/gcc/arm-none-eabi/10.3.1/thumb/v7-m/nofp/crtn.o
                0x0000000020005000                _estack = (ORIGIN (RAM) + LENGTH (RAM))
                0x0000000000000200                _Min_Heap_Size = 0x200
                0x0000000000000400                _Min_Stack_Size = 0x400

.isr_vector     0x0000000008000000      0x10c
                0x0000000008000000                . = ALIGN (0x4)
 *(.isr_vector)
 .isr_vector    0x0000000008000000      0x10c ./Core/Startup/startup_stm32f103cbtx.o
                0x0000000008000000                g_pfnVectors
                0x000000000800010c                . = ALIGN (0x4)

.text           0x0000000008000110     0xc1cc
                0x0000000008000110                . = ALIGN (0x4)
 *(.text)
 .text          0x0000000008000110       0x40 d:/stm32/stm32cube/stm32cubeide_1.7.0/stm32cubeide/plugins/com.st.stm32cube.ide.mcu.externaltools.gnu-tools-for-stm32.10.3-2021.10.win32_1.0.0.202111181127/tools/bin/../lib/gcc/arm-none-eabi/10.3.1/thumb/v7-m/nofp/crtbegin.o
 .text          0x0000000008000150       0x10 d:/stm32/stm32cube/stm32cubeide_1.7.0/stm32cubeide/plugins/com.st.stm32cube.ide.mcu.externaltools.gnu-tools-for-stm32.10.3-2021.10.win32_1.0.0.202111181127/tools/bin/../lib/gcc/arm-none-eabi/10.3.1/../../../../arm-none-eabi/lib/thumb/v7-m/nofp\libc_nano.a(lib_a-strlen.o)
                0x0000000008000150                strlen
 .text          0x0000000008000160      0x378 d:/stm32/stm32cube/stm32cubeide_1.7.0/stm32cubeide/plugins/com.st.stm32cube.ide.mcu.externaltools.gnu-tools-for-stm32.10.3-2021.10.win32_1.0.0.202111181127/tools/bin/../lib/gcc/arm-none-eabi/10.3.1/thumb/v7-m/nofp\libgcc.a(_arm_addsubdf3.o)
                0x0000000008000160                __aeabi_drsub
                0x0000000008000168                __aeabi_dsub
                0x0000000008000168                __subdf3
                0x000000000800016c                __aeabi_dadd
                0x000000000800016c                __adddf3
                0x00000000080003e4                __floatunsidf
                0x00000000080003e4                __aeabi_ui2d
                0x0000000008000404                __floatsidf
                0x0000000008000404                __aeabi_i2d
                0x0000000008000428                __aeabi_f2d
                0x0000000008000428                __extendsfdf2
                0x000000000800046c                __floatundidf
                0x000000000800046c                __aeabi_ul2d
                0x000000000800047c                __floatdidf
                0x000000000800047c                __aeabi_l2d
 .text          0x00000000080004d8      0x424 d:/stm32/stm32cube/stm32cubeide_1.7.0/stm32cubeide/plugins/com.st.stm32cube.ide.mcu.externaltools.gnu-tools-for-stm32.10.3-2021.10.win32_1.0.0.202111181127/tools/bin/../lib/gcc/arm-none-eabi/10.3.1/thumb/v7-m/nofp\libgcc.a(_arm_muldivdf3.o)
                0x00000000080004d8                __aeabi_dmul
                0x00000000080004d8                __muldf3
                0x000000000800072c                __divdf3
                0x000000000800072c                __aeabi_ddiv
 .text          0x00000000080008fc      0x110 d:/stm32/stm32cube/stm32cubeide_1.7.0/stm32cubeide/plugins/com.st.stm32cube.ide.mcu.externaltools.gnu-tools-for-stm32.10.3-2021.10.win32_1.0.0.202111181127/tools/bin/../lib/gcc/arm-none-eabi/10.3.1/thumb/v7-m/nofp\libgcc.a(_arm_cmpdf2.o)
                0x00000000080008fc                __gtdf2
                0x00000000080008fc                __gedf2
                0x0000000008000904                __ltdf2
                0x0000000008000904                __ledf2
                0x000000000800090c                __nedf2
                0x000000000800090c                __eqdf2
                0x000000000800090c                __cmpdf2
                0x0000000008000988                __aeabi_cdrcmple
                0x0000000008000998                __aeabi_cdcmpeq
                0x0000000008000998                __aeabi_cdcmple
                0x00000000080009a8                __aeabi_dcmpeq
                0x00000000080009bc                __aeabi_dcmplt
                0x00000000080009d0                __aeabi_dcmple
                0x00000000080009e4                __aeabi_dcmpge
                0x00000000080009f8                __aeabi_dcmpgt
 .text          0x0000000008000a0c       0x2c d:/stm32/stm32cube/stm32cubeide_1.7.0/stm32cubeide/plugins/com.st.stm32cube.ide.mcu.externaltools.gnu-tools-for-stm32.10.3-2021.10.win32_1.0.0.202111181127/tools/bin/../lib/gcc/arm-none-eabi/10.3.1/thumb/v7-m/nofp\libgcc.a(_arm_unorddf2.o)
                0x0000000008000a0c                __unorddf2
                0x0000000008000a0c                __aeabi_dcmpun
 .text          0x0000000008000a38       0x50 d:/stm32/stm32cube/stm32cubeide_1.7.0/stm32cubeide/plugins/com.st.stm32cube.ide.mcu.externaltools.gnu-tools-for-stm32.10.3-2021.10.win32_1.0.0.202111181127/tools/bin/../lib/gcc/arm-none-eabi/10.3.1/thumb/v7-m/nofp\libgcc.a(_arm_fixdfsi.o)
                0x0000000008000a38                __aeabi_d2iz
                0x0000000008000a38                __fixdfsi
 .text          0x0000000008000a88       0x40 d:/stm32/stm32cube/stm32cubeide_1.7.0/stm32cubeide/plugins/com.st.stm32cube.ide.mcu.externaltools.gnu-tools-for-stm32.10.3-2021.10.win32_1.0.0.202111181127/tools/bin/../lib/gcc/arm-none-eabi/10.3.1/thumb/v7-m/nofp\libgcc.a(_arm_fixunsdfsi.o)
                0x0000000008000a88                __aeabi_d2uiz
                0x0000000008000a88                __fixunsdfsi
 .text          0x0000000008000ac8       0xa0 d:/stm32/stm32cube/stm32cubeide_1.7.0/stm32cubeide/plugins/com.st.stm32cube.ide.mcu.externaltools.gnu-tools-for-stm32.10.3-2021.10.win32_1.0.0.202111181127/tools/bin/../lib/gcc/arm-none-eabi/10.3.1/thumb/v7-m/nofp\libgcc.a(_arm_truncdfsf2.o)
                0x0000000008000ac8                __truncdfsf2
                0x0000000008000ac8                __aeabi_d2f
 .text          0x0000000008000b68       0x34 d:/stm32/stm32cube/stm32cubeide_1.7.0/stm32cubeide/plugins/com.st.stm32cube.ide.mcu.externaltools.gnu-tools-for-stm32.10.3-2021.10.win32_1.0.0.202111181127/tools/bin/../lib/gcc/arm-none-eabi/10.3.1/thumb/v7-m/nofp\libgcc.a(_fixdfdi.o)
                0x0000000008000b68                __fixdfdi
                0x0000000008000b68                __aeabi_d2lz
 .text          0x0000000008000b9c       0x3c d:/stm32/stm32cube/stm32cubeide_1.7.0/stm32cubeide/plugins/com.st.stm32cube.ide.mcu.externaltools.gnu-tools-for-stm32.10.3-2021.10.win32_1.0.0.202111181127/tools/bin/../lib/gcc/arm-none-eabi/10.3.1/thumb/v7-m/nofp\libgcc.a(_fixunsdfdi.o)
                0x0000000008000b9c                __fixunsdfdi
                0x0000000008000b9c                __aeabi_d2ulz
 *(.text*)
 .text.ITM_SendChar
                0x0000000008000bd8       0x4c ./Core/Src/main.o
 .text.main     0x0000000008000c24       0x8c ./Core/Src/main.o
                0x0000000008000c24                main
 .text.SystemClock_Config
                0x0000000008000cb0       0xb6 ./Core/Src/main.o
                0x0000000008000cb0                SystemClock_Config
 *fill*         0x0000000008000d66        0x2 
 .text.MX_SPI1_Init
                0x0000000008000d68       0x70 ./Core/Src/main.o
 .text.MX_TIM3_Init
                0x0000000008000dd8       0xb4 ./Core/Src/main.o
 .text.MX_USART2_UART_Init
                0x0000000008000e8c       0x54 ./Core/Src/main.o
 .text.MX_USB_PCD_Init
                0x0000000008000ee0       0x44 ./Core/Src/main.o
 .text.MX_GPIO_Init
                0x0000000008000f24      0x108 ./Core/Src/main.o
 .text.StartDefaultTask
                0x000000000800102c       0x20 ./Core/Src/main.o
                0x000000000800102c                StartDefaultTask
 .text.StartTask02
                0x000000000800104c       0x10 ./Core/Src/main.o
                0x000000000800104c                StartTask02
 .text.StartTask03
                0x000000000800105c       0x10 ./Core/Src/main.o
                0x000000000800105c                StartTask03
 .text._write   0x000000000800106c       0x3c ./Core/Src/main.o
                0x000000000800106c                _write
 .text.Error_Handler
                0x00000000080010a8       0x10 ./Core/Src/main.o
                0x00000000080010a8                Error_Handler
 .text.HAL_MspInit
                0x00000000080010b8       0x70 ./Core/Src/stm32f1xx_hal_msp.o
                0x00000000080010b8                HAL_MspInit
 .text.HAL_SPI_MspInit
                0x0000000008001128       0x7c ./Core/Src/stm32f1xx_hal_msp.o
                0x0000000008001128                HAL_SPI_MspInit
 .text.HAL_TIM_PWM_MspInit
                0x00000000080011a4       0x3c ./Core/Src/stm32f1xx_hal_msp.o
                0x00000000080011a4                HAL_TIM_PWM_MspInit
 .text.HAL_TIM_MspPostInit
                0x00000000080011e0       0x64 ./Core/Src/stm32f1xx_hal_msp.o
                0x00000000080011e0                HAL_TIM_MspPostInit
 .text.HAL_UART_MspInit
                0x0000000008001244       0x94 ./Core/Src/stm32f1xx_hal_msp.o
                0x0000000008001244                HAL_UART_MspInit
 .text.HAL_PCD_MspInit
                0x00000000080012d8       0x3c ./Core/Src/stm32f1xx_hal_msp.o
                0x00000000080012d8                HAL_PCD_MspInit
 .text.NMI_Handler
                0x0000000008001314        0xc ./Core/Src/stm32f1xx_it.o
                0x0000000008001314                NMI_Handler
 .text.HardFault_Handler
                0x0000000008001320        0x6 ./Core/Src/stm32f1xx_it.o
                0x0000000008001320                HardFault_Handler
 .text.MemManage_Handler
                0x0000000008001326        0x6 ./Core/Src/stm32f1xx_it.o
                0x0000000008001326                MemManage_Handler
 .text.BusFault_Handler
                0x000000000800132c        0x6 ./Core/Src/stm32f1xx_it.o
                0x000000000800132c                BusFault_Handler
 .text.UsageFault_Handler
                0x0000000008001332        0x6 ./Core/Src/stm32f1xx_it.o
                0x0000000008001332                UsageFault_Handler
 .text.DebugMon_Handler
                0x0000000008001338        0xc ./Core/Src/stm32f1xx_it.o
                0x0000000008001338                DebugMon_Handler
 .text.SysTick_Handler
                0x0000000008001344       0x1a ./Core/Src/stm32f1xx_it.o
                0x0000000008001344                SysTick_Handler
 .text._getpid  0x000000000800135e        0xe ./Core/Src/syscalls.o
                0x000000000800135e                _getpid
 .text._kill    0x000000000800136c       0x20 ./Core/Src/syscalls.o
                0x000000000800136c                _kill
 .text._exit    0x000000000800138c       0x14 ./Core/Src/syscalls.o
                0x000000000800138c                _exit
 .text._read    0x00000000080013a0       0x3a ./Core/Src/syscalls.o
                0x00000000080013a0                _read
 .text._close   0x00000000080013da       0x16 ./Core/Src/syscalls.o
                0x00000000080013da                _close
 .text._fstat   0x00000000080013f0       0x1e ./Core/Src/syscalls.o
                0x00000000080013f0                _fstat
 .text._isatty  0x000000000800140e       0x14 ./Core/Src/syscalls.o
                0x000000000800140e                _isatty
 .text._lseek   0x0000000008001422       0x18 ./Core/Src/syscalls.o
                0x0000000008001422                _lseek
 *fill*         0x000000000800143a        0x2 
 .text._sbrk    0x000000000800143c       0x6c ./Core/Src/sysmem.o
                0x000000000800143c                _sbrk
 .text.SystemInit
                0x00000000080014a8       0x68 ./Core/Src/system_stm32f1xx.o
                0x00000000080014a8                SystemInit
 .text.Reset_Handler
                0x0000000008001510       0x48 ./Core/Startup/startup_stm32f103cbtx.o
                0x0000000008001510                Reset_Handler
 .text.Default_Handler
                0x0000000008001558        0x2 ./Core/Startup/startup_stm32f103cbtx.o
                0x0000000008001558                RTC_Alarm_IRQHandler
                0x0000000008001558                EXTI2_IRQHandler
                0x0000000008001558                TIM1_CC_IRQHandler
                0x0000000008001558                PVD_IRQHandler
                0x0000000008001558                EXTI3_IRQHandler
                0x0000000008001558                EXTI0_IRQHandler
                0x0000000008001558                I2C2_EV_IRQHandler
                0x0000000008001558                ADC1_2_IRQHandler
                0x0000000008001558                SPI1_IRQHandler
                0x0000000008001558                TAMPER_IRQHandler
                0x0000000008001558                DMA1_Channel4_IRQHandler
                0x0000000008001558                USART3_IRQHandler
                0x0000000008001558                RTC_IRQHandler
                0x0000000008001558                DMA1_Channel7_IRQHandler
                0x0000000008001558                CAN1_RX1_IRQHandler
                0x0000000008001558                TIM4_IRQHandler
                0x0000000008001558                I2C1_EV_IRQHandler
                0x0000000008001558                DMA1_Channel6_IRQHandler
                0x0000000008001558                TIM3_IRQHandler
                0x0000000008001558                RCC_IRQHandler
                0x0000000008001558                TIM1_TRG_COM_IRQHandler
                0x0000000008001558                DMA1_Channel1_IRQHandler
                0x0000000008001558                Default_Handler
                0x0000000008001558                EXTI15_10_IRQHandler
                0x0000000008001558                EXTI9_5_IRQHandler
                0x0000000008001558                SPI2_IRQHandler
                0x0000000008001558                DMA1_Channel5_IRQHandler
                0x0000000008001558                EXTI4_IRQHandler
                0x0000000008001558                USB_LP_CAN1_RX0_IRQHandler
                0x0000000008001558                USB_HP_CAN1_TX_IRQHandler
                0x0000000008001558                DMA1_Channel3_IRQHandler
                0x0000000008001558                TIM1_UP_IRQHandler
                0x0000000008001558                WWDG_IRQHandler
                0x0000000008001558                TIM2_IRQHandler
                0x0000000008001558                TIM1_BRK_IRQHandler
                0x0000000008001558                EXTI1_IRQHandler
                0x0000000008001558                USART2_IRQHandler
                0x0000000008001558                I2C2_ER_IRQHandler
                0x0000000008001558                DMA1_Channel2_IRQHandler
                0x0000000008001558                CAN1_SCE_IRQHandler
                0x0000000008001558                FLASH_IRQHandler
                0x0000000008001558                USART1_IRQHandler
                0x0000000008001558                I2C1_ER_IRQHandler
                0x0000000008001558                USBWakeUp_IRQHandler
 *fill*         0x000000000800155a        0x2 
 .text.DEV_SPI_WRite
                0x000000000800155c       0x24 ./Core/User/Config/DEV_Config.o
                0x000000000800155c                DEV_SPI_WRite
 .text.DEV_Module_Init
                0x0000000008001580       0x40 ./Core/User/Config/DEV_Config.o
                0x0000000008001580                DEV_Module_Init
 .text.Paint_NewImage
                0x00000000080015c0       0x98 ./Core/User/GUI_DEV/GUI_Paint.o
                0x00000000080015c0                Paint_NewImage
 .text.Paint_SetClearFuntion
                0x0000000008001658       0x1c ./Core/User/GUI_DEV/GUI_Paint.o
                0x0000000008001658                Paint_SetClearFuntion
 .text.Paint_SetDisplayFuntion
                0x0000000008001674       0x1c ./Core/User/GUI_DEV/GUI_Paint.o
                0x0000000008001674                Paint_SetDisplayFuntion
 .text.Paint_SetRotate
                0x0000000008001690       0x54 ./Core/User/GUI_DEV/GUI_Paint.o
                0x0000000008001690                Paint_SetRotate
 .text.Paint_SetPixel
                0x00000000080016e4      0x160 ./Core/User/GUI_DEV/GUI_Paint.o
                0x00000000080016e4                Paint_SetPixel
 .text.Paint_Clear
                0x0000000008001844       0x20 ./Core/User/GUI_DEV/GUI_Paint.o
                0x0000000008001844                Paint_Clear
 .text.Paint_DrawPoint
                0x0000000008001864      0x138 ./Core/User/GUI_DEV/GUI_Paint.o
                0x0000000008001864                Paint_DrawPoint
 .text.Paint_DrawLine
                0x000000000800199c      0x160 ./Core/User/GUI_DEV/GUI_Paint.o
                0x000000000800199c                Paint_DrawLine
 .text.Paint_DrawRectangle
                0x0000000008001afc      0x110 ./Core/User/GUI_DEV/GUI_Paint.o
                0x0000000008001afc                Paint_DrawRectangle
 .text.Paint_DrawCircle
                0x0000000008001c0c      0x31c ./Core/User/GUI_DEV/GUI_Paint.o
                0x0000000008001c0c                Paint_DrawCircle
 .text.Paint_DrawChar
                0x0000000008001f28      0x158 ./Core/User/GUI_DEV/GUI_Paint.o
                0x0000000008001f28                Paint_DrawChar
 .text.Paint_DrawString_EN
                0x0000000008002080       0xb0 ./Core/User/GUI_DEV/GUI_Paint.o
                0x0000000008002080                Paint_DrawString_EN
 .text.Paint_DrawString_CN
                0x0000000008002130      0x336 ./Core/User/GUI_DEV/GUI_Paint.o
                0x0000000008002130                Paint_DrawString_CN
 *fill*         0x0000000008002466        0x2 
 .text.Paint_DrawFloatNum
                0x0000000008002468      0x104 ./Core/User/GUI_DEV/GUI_Paint.o
                0x0000000008002468                Paint_DrawFloatNum
 .text.Paint_DrawImage
                0x000000000800256c       0xcc ./Core/User/GUI_DEV/GUI_Paint.o
                0x000000000800256c                Paint_DrawImage
 .text.LCD_1IN54_Reset
                0x0000000008002638       0x44 ./Core/User/LCD/LCD_1in54.o
 .text.LCD_1IN54_SendCommand
                0x000000000800267c       0x38 ./Core/User/LCD/LCD_1in54.o
 .text.LCD_1IN54_SendData_8Bit
                0x00000000080026b4       0x44 ./Core/User/LCD/LCD_1in54.o
 .text.LCD_1IN54_SendData_16Bit
                0x00000000080026f8       0x54 ./Core/User/LCD/LCD_1in54.o
 .text.LCD_1IN54_InitReg
                0x000000000800274c      0x164 ./Core/User/LCD/LCD_1in54.o
 .text.LCD_1IN54_SetAttributes
                0x00000000080028b0       0x58 ./Core/User/LCD/LCD_1in54.o
 .text.LCD_1IN54_Init
                0x0000000008002908       0x22 ./Core/User/LCD/LCD_1in54.o
                0x0000000008002908                LCD_1IN54_Init
 .text.LCD_1IN54_SetWindows
                0x000000000800292a       0x98 ./Core/User/LCD/LCD_1in54.o
                0x000000000800292a                LCD_1IN54_SetWindows
 *fill*         0x00000000080029c2        0x2 
 .text.LCD_1IN54_Clear
                0x00000000080029c4       0x6c ./Core/User/LCD/LCD_1in54.o
                0x00000000080029c4                LCD_1IN54_Clear
 .text.LCD_1IN54_DrawPaint
                0x0000000008002a30       0x2e ./Core/User/LCD/LCD_1in54.o
                0x0000000008002a30                LCD_1IN54_DrawPaint
 *fill*         0x0000000008002a5e        0x2 
 .text.LCD_1IN54_SetBackLight
                0x0000000008002a60       0x20 ./Core/User/LCD/LCD_1in54.o
                0x0000000008002a60                LCD_1IN54_SetBackLight
 .text.LCD_1in54_test
                0x0000000008002a80      0x200 ./Core/User/example/LCD_1inch54_test.o
                0x0000000008002a80                LCD_1in54_test
 .text.HAL_Init
                0x0000000008002c80       0x2c ./Drivers/STM32F1xx_HAL_Driver/Src/stm32f1xx_hal.o
                0x0000000008002c80                HAL_Init
 .text.HAL_InitTick
                0x0000000008002cac       0x60 ./Drivers/STM32F1xx_HAL_Driver/Src/stm32f1xx_hal.o
                0x0000000008002cac                HAL_InitTick
 .text.HAL_IncTick
                0x0000000008002d0c       0x24 ./Drivers/STM32F1xx_HAL_Driver/Src/stm32f1xx_hal.o
                0x0000000008002d0c                HAL_IncTick
 .text.HAL_GetTick
                0x0000000008002d30       0x14 ./Drivers/STM32F1xx_HAL_Driver/Src/stm32f1xx_hal.o
                0x0000000008002d30                HAL_GetTick
 .text.HAL_Delay
                0x0000000008002d44       0x48 ./Drivers/STM32F1xx_HAL_Driver/Src/stm32f1xx_hal.o
                0x0000000008002d44                HAL_Delay
 .text.__NVIC_SetPriorityGrouping
                0x0000000008002d8c       0x48 ./Drivers/STM32F1xx_HAL_Driver/Src/stm32f1xx_hal_cortex.o
 .text.__NVIC_GetPriorityGrouping
                0x0000000008002dd4       0x1c ./Drivers/STM32F1xx_HAL_Driver/Src/stm32f1xx_hal_cortex.o
 .text.__NVIC_SetPriority
                0x0000000008002df0       0x54 ./Drivers/STM32F1xx_HAL_Driver/Src/stm32f1xx_hal_cortex.o
 .text.NVIC_EncodePriority
                0x0000000008002e44       0x64 ./Drivers/STM32F1xx_HAL_Driver/Src/stm32f1xx_hal_cortex.o
 .text.SysTick_Config
                0x0000000008002ea8       0x44 ./Drivers/STM32F1xx_HAL_Driver/Src/stm32f1xx_hal_cortex.o
 .text.HAL_NVIC_SetPriorityGrouping
                0x0000000008002eec       0x16 ./Drivers/STM32F1xx_HAL_Driver/Src/stm32f1xx_hal_cortex.o
                0x0000000008002eec                HAL_NVIC_SetPriorityGrouping
 .text.HAL_NVIC_SetPriority
                0x0000000008002f02       0x38 ./Drivers/STM32F1xx_HAL_Driver/Src/stm32f1xx_hal_cortex.o
                0x0000000008002f02                HAL_NVIC_SetPriority
 .text.HAL_SYSTICK_Config
                0x0000000008002f3a       0x18 ./Drivers/STM32F1xx_HAL_Driver/Src/stm32f1xx_hal_cortex.o
                0x0000000008002f3a                HAL_SYSTICK_Config
 *fill*         0x0000000008002f52        0x2 
 .text.HAL_GPIO_Init
                0x0000000008002f54      0x308 ./Drivers/STM32F1xx_HAL_Driver/Src/stm32f1xx_hal_gpio.o
                0x0000000008002f54                HAL_GPIO_Init
 .text.HAL_GPIO_WritePin
                0x000000000800325c       0x30 ./Drivers/STM32F1xx_HAL_Driver/Src/stm32f1xx_hal_gpio.o
                0x000000000800325c                HAL_GPIO_WritePin
 .text.HAL_GPIO_TogglePin
                0x000000000800328c       0x32 ./Drivers/STM32F1xx_HAL_Driver/Src/stm32f1xx_hal_gpio.o
                0x000000000800328c                HAL_GPIO_TogglePin
 .text.HAL_PCD_Init
                0x00000000080032be      0x216 ./Drivers/STM32F1xx_HAL_Driver/Src/stm32f1xx_hal_pcd.o
                0x00000000080032be                HAL_PCD_Init
 .text.HAL_RCC_OscConfig
                0x00000000080034d4      0x504 ./Drivers/STM32F1xx_HAL_Driver/Src/stm32f1xx_hal_rcc.o
                0x00000000080034d4                HAL_RCC_OscConfig
 .text.HAL_RCC_ClockConfig
                0x00000000080039d8      0x1d4 ./Drivers/STM32F1xx_HAL_Driver/Src/stm32f1xx_hal_rcc.o
                0x00000000080039d8                HAL_RCC_ClockConfig
 .text.HAL_RCC_GetSysClockFreq
                0x0000000008003bac       0xbc ./Drivers/STM32F1xx_HAL_Driver/Src/stm32f1xx_hal_rcc.o
                0x0000000008003bac                HAL_RCC_GetSysClockFreq
 .text.HAL_RCC_GetHCLKFreq
                0x0000000008003c68       0x14 ./Drivers/STM32F1xx_HAL_Driver/Src/stm32f1xx_hal_rcc.o
                0x0000000008003c68                HAL_RCC_GetHCLKFreq
 .text.HAL_RCC_GetPCLK1Freq
                0x0000000008003c7c       0x28 ./Drivers/STM32F1xx_HAL_Driver/Src/stm32f1xx_hal_rcc.o
                0x0000000008003c7c                HAL_RCC_GetPCLK1Freq
 .text.HAL_RCC_GetPCLK2Freq
                0x0000000008003ca4       0x28 ./Drivers/STM32F1xx_HAL_Driver/Src/stm32f1xx_hal_rcc.o
                0x0000000008003ca4                HAL_RCC_GetPCLK2Freq
 .text.RCC_Delay
                0x0000000008003ccc       0x3c ./Drivers/STM32F1xx_HAL_Driver/Src/stm32f1xx_hal_rcc.o
 .text.HAL_RCCEx_PeriphCLKConfig
                0x0000000008003d08      0x16c ./Drivers/STM32F1xx_HAL_Driver/Src/stm32f1xx_hal_rcc_ex.o
                0x0000000008003d08                HAL_RCCEx_PeriphCLKConfig
 .text.HAL_SPI_Init
                0x0000000008003e74      0x108 ./Drivers/STM32F1xx_HAL_Driver/Src/stm32f1xx_hal_spi.o
                0x0000000008003e74                HAL_SPI_Init
 .text.HAL_SPI_Transmit
                0x0000000008003f7c      0x278 ./Drivers/STM32F1xx_HAL_Driver/Src/stm32f1xx_hal_spi.o
                0x0000000008003f7c                HAL_SPI_Transmit
 .text.SPI_WaitFlagStateUntilTimeout
                0x00000000080041f4      0x110 ./Drivers/STM32F1xx_HAL_Driver/Src/stm32f1xx_hal_spi.o
 .text.SPI_EndRxTxTransaction
                0x0000000008004304       0x3c ./Drivers/STM32F1xx_HAL_Driver/Src/stm32f1xx_hal_spi.o
 .text.HAL_TIM_PWM_Init
                0x0000000008004340       0x9e ./Drivers/STM32F1xx_HAL_Driver/Src/stm32f1xx_hal_tim.o
                0x0000000008004340                HAL_TIM_PWM_Init
 *fill*         0x00000000080043de        0x2 
 .text.HAL_TIM_PWM_Start
                0x00000000080043e0      0x144 ./Drivers/STM32F1xx_HAL_Driver/Src/stm32f1xx_hal_tim.o
                0x00000000080043e0                HAL_TIM_PWM_Start
 .text.HAL_TIM_PWM_ConfigChannel
                0x0000000008004524      0x17c ./Drivers/STM32F1xx_HAL_Driver/Src/stm32f1xx_hal_tim.o
                0x0000000008004524                HAL_TIM_PWM_ConfigChannel
 .text.TIM_Base_SetConfig
                0x00000000080046a0       0xc4 ./Drivers/STM32F1xx_HAL_Driver/Src/stm32f1xx_hal_tim.o
                0x00000000080046a0                TIM_Base_SetConfig
 .text.TIM_OC1_SetConfig
                0x0000000008004764       0xcc ./Drivers/STM32F1xx_HAL_Driver/Src/stm32f1xx_hal_tim.o
 .text.TIM_OC2_SetConfig
                0x0000000008004830       0xd4 ./Drivers/STM32F1xx_HAL_Driver/Src/stm32f1xx_hal_tim.o
                0x0000000008004830                TIM_OC2_SetConfig
 .text.TIM_OC3_SetConfig
                0x0000000008004904       0xd4 ./Drivers/STM32F1xx_HAL_Driver/Src/stm32f1xx_hal_tim.o
 .text.TIM_OC4_SetConfig
                0x00000000080049d8       0x9c ./Drivers/STM32F1xx_HAL_Driver/Src/stm32f1xx_hal_tim.o
 .text.TIM_CCxChannelCmd
                0x0000000008004a74       0x48 ./Drivers/STM32F1xx_HAL_Driver/Src/stm32f1xx_hal_tim.o
                0x0000000008004a74                TIM_CCxChannelCmd
 .text.HAL_TIMEx_MasterConfigSynchronization
                0x0000000008004abc       0xbc ./Drivers/STM32F1xx_HAL_Driver/Src/stm32f1xx_hal_tim_ex.o
                0x0000000008004abc                HAL_TIMEx_MasterConfigSynchronization
 .text.HAL_UART_Init
                0x0000000008004b78       0x9a ./Drivers/STM32F1xx_HAL_Driver/Src/stm32f1xx_hal_uart.o
                0x0000000008004b78                HAL_UART_Init
 *fill*         0x0000000008004c12        0x2 
 .text.UART_SetConfig
                0x0000000008004c14      0x11c ./Drivers/STM32F1xx_HAL_Driver/Src/stm32f1xx_hal_uart.o
 .text.USB_CoreInit
                0x0000000008004d30       0x20 ./Drivers/STM32F1xx_HAL_Driver/Src/stm32f1xx_ll_usb.o
                0x0000000008004d30                USB_CoreInit
 .text.USB_DisableGlobalInt
                0x0000000008004d50       0x34 ./Drivers/STM32F1xx_HAL_Driver/Src/stm32f1xx_ll_usb.o
                0x0000000008004d50                USB_DisableGlobalInt
 .text.USB_SetCurrentMode
                0x0000000008004d84       0x18 ./Drivers/STM32F1xx_HAL_Driver/Src/stm32f1xx_ll_usb.o
                0x0000000008004d84                USB_SetCurrentMode
 .text.USB_DevInit
                0x0000000008004d9c       0x40 ./Drivers/STM32F1xx_HAL_Driver/Src/stm32f1xx_ll_usb.o
                0x0000000008004d9c                USB_DevInit
 .text.USB_DevDisconnect
                0x0000000008004ddc       0x14 ./Drivers/STM32F1xx_HAL_Driver/Src/stm32f1xx_ll_usb.o
                0x0000000008004ddc                USB_DevDisconnect
 .text.osKernelInitialize
                0x0000000008004df0       0x64 ./Middlewares/Third_Party/FreeRTOS/Source/CMSIS_RTOS_V2/cmsis_os2.o
                0x0000000008004df0                osKernelInitialize
 .text.osKernelStart
                0x0000000008004e54       0x68 ./Middlewares/Third_Party/FreeRTOS/Source/CMSIS_RTOS_V2/cmsis_os2.o
                0x0000000008004e54                osKernelStart
 .text.osThreadNew
                0x0000000008004ebc      0x154 ./Middlewares/Third_Party/FreeRTOS/Source/CMSIS_RTOS_V2/cmsis_os2.o
                0x0000000008004ebc                osThreadNew
 .text.osDelay  0x0000000008005010       0x5c ./Middlewares/Third_Party/FreeRTOS/Source/CMSIS_RTOS_V2/cmsis_os2.o
                0x0000000008005010                osDelay
 .text.vApplicationGetIdleTaskMemory
                0x000000000800506c       0x30 ./Middlewares/Third_Party/FreeRTOS/Source/CMSIS_RTOS_V2/cmsis_os2.o
                0x000000000800506c                vApplicationGetIdleTaskMemory
 .text.vApplicationGetTimerTaskMemory
                0x000000000800509c       0x30 ./Middlewares/Third_Party/FreeRTOS/Source/CMSIS_RTOS_V2/cmsis_os2.o
                0x000000000800509c                vApplicationGetTimerTaskMemory
 .text.vListInitialise
                0x00000000080050cc       0x3e ./Middlewares/Third_Party/FreeRTOS/Source/list.o
                0x00000000080050cc                vListInitialise
 .text.vListInitialiseItem
                0x000000000800510a       0x18 ./Middlewares/Third_Party/FreeRTOS/Source/list.o
                0x000000000800510a                vListInitialiseItem
 .text.vListInsertEnd
                0x0000000008005122       0x46 ./Middlewares/Third_Party/FreeRTOS/Source/list.o
                0x0000000008005122                vListInsertEnd
 .text.vListInsert
                0x0000000008005168       0x70 ./Middlewares/Third_Party/FreeRTOS/Source/list.o
                0x0000000008005168                vListInsert
 .text.uxListRemove
                0x00000000080051d8       0x52 ./Middlewares/Third_Party/FreeRTOS/Source/list.o
                0x00000000080051d8                uxListRemove
 *fill*         0x000000000800522a        0x2 
 .text.xQueueGenericReset
                0x000000000800522c       0xd0 ./Middlewares/Third_Party/FreeRTOS/Source/queue.o
                0x000000000800522c                xQueueGenericReset
 .text.xQueueGenericCreateStatic
                0x00000000080052fc       0xee ./Middlewares/Third_Party/FreeRTOS/Source/queue.o
                0x00000000080052fc                xQueueGenericCreateStatic
 .text.prvInitialiseNewQueue
                0x00000000080053ea       0x46 ./Middlewares/Third_Party/FreeRTOS/Source/queue.o
 .text.xQueueGenericSend
                0x0000000008005430      0x1fc ./Middlewares/Third_Party/FreeRTOS/Source/queue.o
                0x0000000008005430                xQueueGenericSend
 .text.xQueueGenericSendFromISR
                0x000000000800562c      0x130 ./Middlewares/Third_Party/FreeRTOS/Source/queue.o
                0x000000000800562c                xQueueGenericSendFromISR
 .text.xQueueReceive
                0x000000000800575c      0x1c0 ./Middlewares/Third_Party/FreeRTOS/Source/queue.o
                0x000000000800575c                xQueueReceive
 .text.prvCopyDataToQueue
                0x000000000800591c       0xd4 ./Middlewares/Third_Party/FreeRTOS/Source/queue.o
 .text.prvCopyDataFromQueue
                0x00000000080059f0       0x4c ./Middlewares/Third_Party/FreeRTOS/Source/queue.o
 .text.prvUnlockQueue
                0x0000000008005a3c       0xa4 ./Middlewares/Third_Party/FreeRTOS/Source/queue.o
 .text.prvIsQueueEmpty
                0x0000000008005ae0       0x2c ./Middlewares/Third_Party/FreeRTOS/Source/queue.o
 .text.prvIsQueueFull
                0x0000000008005b0c       0x30 ./Middlewares/Third_Party/FreeRTOS/Source/queue.o
 .text.vQueueAddToRegistry
                0x0000000008005b3c       0x50 ./Middlewares/Third_Party/FreeRTOS/Source/queue.o
                0x0000000008005b3c                vQueueAddToRegistry
 .text.vQueueWaitForMessageRestricted
                0x0000000008005b8c       0x68 ./Middlewares/Third_Party/FreeRTOS/Source/queue.o
                0x0000000008005b8c                vQueueWaitForMessageRestricted
 .text.xTaskCreateStatic
                0x0000000008005bf4       0xb8 ./Middlewares/Third_Party/FreeRTOS/Source/tasks.o
                0x0000000008005bf4                xTaskCreateStatic
 .text.xTaskCreate
                0x0000000008005cac       0x8a ./Middlewares/Third_Party/FreeRTOS/Source/tasks.o
                0x0000000008005cac                xTaskCreate
 *fill*         0x0000000008005d36        0x2 
 .text.prvInitialiseNewTask
                0x0000000008005d38      0x13c ./Middlewares/Third_Party/FreeRTOS/Source/tasks.o
 .text.prvAddNewTaskToReadyList
                0x0000000008005e74       0xe0 ./Middlewares/Third_Party/FreeRTOS/Source/tasks.o
 .text.vTaskDelay
                0x0000000008005f54       0x68 ./Middlewares/Third_Party/FreeRTOS/Source/tasks.o
                0x0000000008005f54                vTaskDelay
 .text.vTaskStartScheduler
                0x0000000008005fbc       0xe0 ./Middlewares/Third_Party/FreeRTOS/Source/tasks.o
                0x0000000008005fbc                vTaskStartScheduler
 .text.vTaskSuspendAll
                0x000000000800609c       0x1c ./Middlewares/Third_Party/FreeRTOS/Source/tasks.o
                0x000000000800609c                vTaskSuspendAll
 .text.xTaskResumeAll
                0x00000000080060b8      0x13c ./Middlewares/Third_Party/FreeRTOS/Source/tasks.o
                0x00000000080060b8                xTaskResumeAll
 .text.xTaskGetTickCount
                0x00000000080061f4       0x1c ./Middlewares/Third_Party/FreeRTOS/Source/tasks.o
                0x00000000080061f4                xTaskGetTickCount
 .text.xTaskIncrementTick
                0x0000000008006210      0x17c ./Middlewares/Third_Party/FreeRTOS/Source/tasks.o
                0x0000000008006210                xTaskIncrementTick
 .text.vTaskSwitchContext
                0x000000000800638c       0xc8 ./Middlewares/Third_Party/FreeRTOS/Source/tasks.o
                0x000000000800638c                vTaskSwitchContext
 .text.vTaskPlaceOnEventList
                0x0000000008006454       0x48 ./Middlewares/Third_Party/FreeRTOS/Source/tasks.o
                0x0000000008006454                vTaskPlaceOnEventList
 .text.vTaskPlaceOnEventListRestricted
                0x000000000800649c       0x58 ./Middlewares/Third_Party/FreeRTOS/Source/tasks.o
                0x000000000800649c                vTaskPlaceOnEventListRestricted
 .text.xTaskRemoveFromEventList
                0x00000000080064f4       0xc8 ./Middlewares/Third_Party/FreeRTOS/Source/tasks.o
                0x00000000080064f4                xTaskRemoveFromEventList
 .text.vTaskInternalSetTimeOutState
                0x00000000080065bc       0x2c ./Middlewares/Third_Party/FreeRTOS/Source/tasks.o
                0x00000000080065bc                vTaskInternalSetTimeOutState
 .text.xTaskCheckForTimeOut
                0x00000000080065e8       0xc4 ./Middlewares/Third_Party/FreeRTOS/Source/tasks.o
                0x00000000080065e8                xTaskCheckForTimeOut
 .text.vTaskMissedYield
                0x00000000080066ac       0x18 ./Middlewares/Third_Party/FreeRTOS/Source/tasks.o
                0x00000000080066ac                vTaskMissedYield
 .text.prvIdleTask
                0x00000000080066c4       0x30 ./Middlewares/Third_Party/FreeRTOS/Source/tasks.o
 .text.prvInitialiseTaskLists
                0x00000000080066f4       0x80 ./Middlewares/Third_Party/FreeRTOS/Source/tasks.o
 .text.prvCheckTasksWaitingTermination
                0x0000000008006774       0x5c ./Middlewares/Third_Party/FreeRTOS/Source/tasks.o
 .text.prvDeleteTCB
                0x00000000080067d0       0x68 ./Middlewares/Third_Party/FreeRTOS/Source/tasks.o
 .text.prvResetNextTaskUnblockTime
                0x0000000008006838       0x48 ./Middlewares/Third_Party/FreeRTOS/Source/tasks.o
 .text.xTaskGetSchedulerState
                0x0000000008006880       0x3c ./Middlewares/Third_Party/FreeRTOS/Source/tasks.o
                0x0000000008006880                xTaskGetSchedulerState
 .text.xTaskPriorityDisinherit
                0x00000000080068bc       0xdc ./Middlewares/Third_Party/FreeRTOS/Source/tasks.o
                0x00000000080068bc                xTaskPriorityDisinherit
 .text.prvAddCurrentTaskToDelayedList
                0x0000000008006998       0xa8 ./Middlewares/Third_Party/FreeRTOS/Source/tasks.o
 .text.xTimerCreateTimerTask
                0x0000000008006a40       0x90 ./Middlewares/Third_Party/FreeRTOS/Source/timers.o
                0x0000000008006a40                xTimerCreateTimerTask
 .text.xTimerGenericCommand
                0x0000000008006ad0       0x9c ./Middlewares/Third_Party/FreeRTOS/Source/timers.o
                0x0000000008006ad0                xTimerGenericCommand
 .text.prvProcessExpiredTimer
                0x0000000008006b6c       0x80 ./Middlewares/Third_Party/FreeRTOS/Source/timers.o
 .text.prvTimerTask
                0x0000000008006bec       0x24 ./Middlewares/Third_Party/FreeRTOS/Source/timers.o
 .text.prvProcessTimerOrBlockTask
                0x0000000008006c10       0x9c ./Middlewares/Third_Party/FreeRTOS/Source/timers.o
 .text.prvGetNextExpireTime
                0x0000000008006cac       0x48 ./Middlewares/Third_Party/FreeRTOS/Source/timers.o
 .text.prvSampleTimeNow
                0x0000000008006cf4       0x40 ./Middlewares/Third_Party/FreeRTOS/Source/timers.o
 .text.prvInsertTimerInActiveList
                0x0000000008006d34       0x84 ./Middlewares/Third_Party/FreeRTOS/Source/timers.o
 .text.prvProcessReceivedCommands
                0x0000000008006db8      0x168 ./Middlewares/Third_Party/FreeRTOS/Source/timers.o
 .text.prvSwitchTimerLists
                0x0000000008006f20       0xc4 ./Middlewares/Third_Party/FreeRTOS/Source/timers.o
 .text.prvCheckForValidListAndQueue
                0x0000000008006fe4       0x80 ./Middlewares/Third_Party/FreeRTOS/Source/timers.o
 .text.pxPortInitialiseStack
                0x0000000008007064       0x58 ./Middlewares/Third_Party/FreeRTOS/Source/portable/GCC/ARM_CM3/port.o
                0x0000000008007064                pxPortInitialiseStack
 .text.prvTaskExitError
                0x00000000080070bc       0x58 ./Middlewares/Third_Party/FreeRTOS/Source/portable/GCC/ARM_CM3/port.o
 *fill*         0x0000000008007114        0xc 
 .text.SVC_Handler
                0x0000000008007120       0x28 ./Middlewares/Third_Party/FreeRTOS/Source/portable/GCC/ARM_CM3/port.o
                0x0000000008007120                SVC_Handler
 .text.prvPortStartFirstTask
                0x0000000008007148       0x20 ./Middlewares/Third_Party/FreeRTOS/Source/portable/GCC/ARM_CM3/port.o
 .text.xPortStartScheduler
                0x0000000008007168       0xe4 ./Middlewares/Third_Party/FreeRTOS/Source/portable/GCC/ARM_CM3/port.o
                0x0000000008007168                xPortStartScheduler
 .text.vPortEnterCritical
                0x000000000800724c       0x60 ./Middlewares/Third_Party/FreeRTOS/Source/portable/GCC/ARM_CM3/port.o
                0x000000000800724c                vPortEnterCritical
 .text.vPortExitCritical
                0x00000000080072ac       0x50 ./Middlewares/Third_Party/FreeRTOS/Source/portable/GCC/ARM_CM3/port.o
                0x00000000080072ac                vPortExitCritical
 *fill*         0x00000000080072fc        0x4 
 .text.PendSV_Handler
                0x0000000008007300       0x48 ./Middlewares/Third_Party/FreeRTOS/Source/portable/GCC/ARM_CM3/port.o
                0x0000000008007300                PendSV_Handler
 .text.xPortSysTickHandler
                0x0000000008007348       0x44 ./Middlewares/Third_Party/FreeRTOS/Source/portable/GCC/ARM_CM3/port.o
                0x0000000008007348                xPortSysTickHandler
 .text.vPortSetupTimerInterrupt
                0x000000000800738c       0x44 ./Middlewares/Third_Party/FreeRTOS/Source/portable/GCC/ARM_CM3/port.o
                0x000000000800738c                vPortSetupTimerInterrupt
 .text.vPortValidateInterruptPriority
                0x00000000080073d0       0x7c ./Middlewares/Third_Party/FreeRTOS/Source/portable/GCC/ARM_CM3/port.o
                0x00000000080073d0                vPortValidateInterruptPriority
 .text.pvPortMalloc
                0x000000000800744c      0x188 ./Middlewares/Third_Party/FreeRTOS/Source/portable/MemMang/heap_4.o
                0x000000000800744c                pvPortMalloc
 .text.vPortFree
                0x00000000080075d4       0xb4 ./Middlewares/Third_Party/FreeRTOS/Source/portable/MemMang/heap_4.o
                0x00000000080075d4                vPortFree
 .text.prvHeapInit
                0x0000000008007688       0xc4 ./Middlewares/Third_Party/FreeRTOS/Source/portable/MemMang/heap_4.o
 .text.prvInsertBlockIntoFreeList
                0x000000000800774c       0xb0 ./Middlewares/Third_Party/FreeRTOS/Source/portable/MemMang/heap_4.o
 .text.__errno  0x00000000080077fc        0xc d:/stm32/stm32cube/stm32cubeide_1.7.0/stm32cubeide/plugins/com.st.stm32cube.ide.mcu.externaltools.gnu-tools-for-stm32.10.3-2021.10.win32_1.0.0.202111181127/tools/bin/../lib/gcc/arm-none-eabi/10.3.1/../../../../arm-none-eabi/lib/thumb/v7-m/nofp\libc_nano.a(lib_a-errno.o)
                0x00000000080077fc                __errno
 .text.std      0x0000000008007808       0x48 d:/stm32/stm32cube/stm32cubeide_1.7.0/stm32cubeide/plugins/com.st.stm32cube.ide.mcu.externaltools.gnu-tools-for-stm32.10.3-2021.10.win32_1.0.0.202111181127/tools/bin/../lib/gcc/arm-none-eabi/10.3.1/../../../../arm-none-eabi/lib/thumb/v7-m/nofp\libc_nano.a(lib_a-findfp.o)
 .text._cleanup_r
                0x0000000008007850        0xc d:/stm32/stm32cube/stm32cubeide_1.7.0/stm32cubeide/plugins/com.st.stm32cube.ide.mcu.externaltools.gnu-tools-for-stm32.10.3-2021.10.win32_1.0.0.202111181127/tools/bin/../lib/gcc/arm-none-eabi/10.3.1/../../../../arm-none-eabi/lib/thumb/v7-m/nofp\libc_nano.a(lib_a-findfp.o)
                0x0000000008007850                _cleanup_r
 .text.__sfmoreglue
                0x000000000800785c       0x2c d:/stm32/stm32cube/stm32cubeide_1.7.0/stm32cubeide/plugins/com.st.stm32cube.ide.mcu.externaltools.gnu-tools-for-stm32.10.3-2021.10.win32_1.0.0.202111181127/tools/bin/../lib/gcc/arm-none-eabi/10.3.1/../../../../arm-none-eabi/lib/thumb/v7-m/nofp\libc_nano.a(lib_a-findfp.o)
                0x000000000800785c                __sfmoreglue
 .text.__sfp_lock_acquire
                0x0000000008007888        0xc d:/stm32/stm32cube/stm32cubeide_1.7.0/stm32cubeide/plugins/com.st.stm32cube.ide.mcu.externaltools.gnu-tools-for-stm32.10.3-2021.10.win32_1.0.0.202111181127/tools/bin/../lib/gcc/arm-none-eabi/10.3.1/../../../../arm-none-eabi/lib/thumb/v7-m/nofp\libc_nano.a(lib_a-findfp.o)
                0x0000000008007888                __sfp_lock_acquire
 .text.__sfp_lock_release
                0x0000000008007894        0xc d:/stm32/stm32cube/stm32cubeide_1.7.0/stm32cubeide/plugins/com.st.stm32cube.ide.mcu.externaltools.gnu-tools-for-stm32.10.3-2021.10.win32_1.0.0.202111181127/tools/bin/../lib/gcc/arm-none-eabi/10.3.1/../../../../arm-none-eabi/lib/thumb/v7-m/nofp\libc_nano.a(lib_a-findfp.o)
                0x0000000008007894                __sfp_lock_release
 .text.__sinit_lock_acquire
                0x00000000080078a0        0xc d:/stm32/stm32cube/stm32cubeide_1.7.0/stm32cubeide/plugins/com.st.stm32cube.ide.mcu.externaltools.gnu-tools-for-stm32.10.3-2021.10.win32_1.0.0.202111181127/tools/bin/../lib/gcc/arm-none-eabi/10.3.1/../../../../arm-none-eabi/lib/thumb/v7-m/nofp\libc_nano.a(lib_a-findfp.o)
                0x00000000080078a0                __sinit_lock_acquire
 .text.__sinit_lock_release
                0x00000000080078ac        0xc d:/stm32/stm32cube/stm32cubeide_1.7.0/stm32cubeide/plugins/com.st.stm32cube.ide.mcu.externaltools.gnu-tools-for-stm32.10.3-2021.10.win32_1.0.0.202111181127/tools/bin/../lib/gcc/arm-none-eabi/10.3.1/../../../../arm-none-eabi/lib/thumb/v7-m/nofp\libc_nano.a(lib_a-findfp.o)
                0x00000000080078ac                __sinit_lock_release
 .text.__sinit  0x00000000080078b8       0x70 d:/stm32/stm32cube/stm32cubeide_1.7.0/stm32cubeide/plugins/com.st.stm32cube.ide.mcu.externaltools.gnu-tools-for-stm32.10.3-2021.10.win32_1.0.0.202111181127/tools/bin/../lib/gcc/arm-none-eabi/10.3.1/../../../../arm-none-eabi/lib/thumb/v7-m/nofp\libc_nano.a(lib_a-findfp.o)
                0x00000000080078b8                __sinit
 .text.__sfp    0x0000000008007928       0x8c d:/stm32/stm32cube/stm32cubeide_1.7.0/stm32cubeide/plugins/com.st.stm32cube.ide.mcu.externaltools.gnu-tools-for-stm32.10.3-2021.10.win32_1.0.0.202111181127/tools/bin/../lib/gcc/arm-none-eabi/10.3.1/../../../../arm-none-eabi/lib/thumb/v7-m/nofp\libc_nano.a(lib_a-findfp.o)
                0x0000000008007928                __sfp
 .text._fwalk_reent
                0x00000000080079b4       0x3e d:/stm32/stm32cube/stm32cubeide_1.7.0/stm32cubeide/plugins/com.st.stm32cube.ide.mcu.externaltools.gnu-tools-for-stm32.10.3-2021.10.win32_1.0.0.202111181127/tools/bin/../lib/gcc/arm-none-eabi/10.3.1/../../../../arm-none-eabi/lib/thumb/v7-m/nofp\libc_nano.a(lib_a-fwalk.o)
                0x00000000080079b4                _fwalk_reent
 *fill*         0x00000000080079f2        0x2 
 .text.__libc_init_array
                0x00000000080079f4       0x48 d:/stm32/stm32cube/stm32cubeide_1.7.0/stm32cubeide/plugins/com.st.stm32cube.ide.mcu.externaltools.gnu-tools-for-stm32.10.3-2021.10.win32_1.0.0.202111181127/tools/bin/../lib/gcc/arm-none-eabi/10.3.1/../../../../arm-none-eabi/lib/thumb/v7-m/nofp\libc_nano.a(lib_a-init.o)
                0x00000000080079f4                __libc_init_array
 .text.__retarget_lock_init_recursive
                0x0000000008007a3c        0x2 d:/stm32/stm32cube/stm32cubeide_1.7.0/stm32cubeide/plugins/com.st.stm32cube.ide.mcu.externaltools.gnu-tools-for-stm32.10.3-2021.10.win32_1.0.0.202111181127/tools/bin/../lib/gcc/arm-none-eabi/10.3.1/../../../../arm-none-eabi/lib/thumb/v7-m/nofp\libc_nano.a(lib_a-lock.o)
                0x0000000008007a3c                __retarget_lock_init_recursive
 .text.__retarget_lock_acquire_recursive
                0x0000000008007a3e        0x2 d:/stm32/stm32cube/stm32cubeide_1.7.0/stm32cubeide/plugins/com.st.stm32cube.ide.mcu.externaltools.gnu-tools-for-stm32.10.3-2021.10.win32_1.0.0.202111181127/tools/bin/../lib/gcc/arm-none-eabi/10.3.1/../../../../arm-none-eabi/lib/thumb/v7-m/nofp\libc_nano.a(lib_a-lock.o)
                0x0000000008007a3e                __retarget_lock_acquire_recursive
 .text.__retarget_lock_release_recursive
                0x0000000008007a40        0x2 d:/stm32/stm32cube/stm32cubeide_1.7.0/stm32cubeide/plugins/com.st.stm32cube.ide.mcu.externaltools.gnu-tools-for-stm32.10.3-2021.10.win32_1.0.0.202111181127/tools/bin/../lib/gcc/arm-none-eabi/10.3.1/../../../../arm-none-eabi/lib/thumb/v7-m/nofp\libc_nano.a(lib_a-lock.o)
                0x0000000008007a40                __retarget_lock_release_recursive
 *fill*         0x0000000008007a42        0x2 
 .text.malloc   0x0000000008007a44       0x10 d:/stm32/stm32cube/stm32cubeide_1.7.0/stm32cubeide/plugins/com.st.stm32cube.ide.mcu.externaltools.gnu-tools-for-stm32.10.3-2021.10.win32_1.0.0.202111181127/tools/bin/../lib/gcc/arm-none-eabi/10.3.1/../../../../arm-none-eabi/lib/thumb/v7-m/nofp\libc_nano.a(lib_a-malloc.o)
                0x0000000008007a44                malloc
 .text.free     0x0000000008007a54       0x10 d:/stm32/stm32cube/stm32cubeide_1.7.0/stm32cubeide/plugins/com.st.stm32cube.ide.mcu.externaltools.gnu-tools-for-stm32.10.3-2021.10.win32_1.0.0.202111181127/tools/bin/../lib/gcc/arm-none-eabi/10.3.1/../../../../arm-none-eabi/lib/thumb/v7-m/nofp\libc_nano.a(lib_a-malloc.o)
                0x0000000008007a54                free
 .text.memcpy   0x0000000008007a64       0x1c d:/stm32/stm32cube/stm32cubeide_1.7.0/stm32cubeide/plugins/com.st.stm32cube.ide.mcu.externaltools.gnu-tools-for-stm32.10.3-2021.10.win32_1.0.0.202111181127/tools/bin/../lib/gcc/arm-none-eabi/10.3.1/../../../../arm-none-eabi/lib/thumb/v7-m/nofp\libc_nano.a(lib_a-memcpy-stub.o)
                0x0000000008007a64                memcpy
 .text.memset   0x0000000008007a80       0x10 d:/stm32/stm32cube/stm32cubeide_1.7.0/stm32cubeide/plugins/com.st.stm32cube.ide.mcu.externaltools.gnu-tools-for-stm32.10.3-2021.10.win32_1.0.0.202111181127/tools/bin/../lib/gcc/arm-none-eabi/10.3.1/../../../../arm-none-eabi/lib/thumb/v7-m/nofp\libc_nano.a(lib_a-memset.o)
                0x0000000008007a80                memset
 .text._free_r  0x0000000008007a90       0x90 d:/stm32/stm32cube/stm32cubeide_1.7.0/stm32cubeide/plugins/com.st.stm32cube.ide.mcu.externaltools.gnu-tools-for-stm32.10.3-2021.10.win32_1.0.0.202111181127/tools/bin/../lib/gcc/arm-none-eabi/10.3.1/../../../../arm-none-eabi/lib/thumb/v7-m/nofp\libc_nano.a(lib_a-nano-freer.o)
                0x0000000008007a90                _free_r
 .text.sbrk_aligned
                0x0000000008007b20       0x40 d:/stm32/stm32cube/stm32cubeide_1.7.0/stm32cubeide/plugins/com.st.stm32cube.ide.mcu.externaltools.gnu-tools-for-stm32.10.3-2021.10.win32_1.0.0.202111181127/tools/bin/../lib/gcc/arm-none-eabi/10.3.1/../../../../arm-none-eabi/lib/thumb/v7-m/nofp\libc_nano.a(lib_a-nano-mallocr.o)
 .text._malloc_r
                0x0000000008007b60       0xe8 d:/stm32/stm32cube/stm32cubeide_1.7.0/stm32cubeide/plugins/com.st.stm32cube.ide.mcu.externaltools.gnu-tools-for-stm32.10.3-2021.10.win32_1.0.0.202111181127/tools/bin/../lib/gcc/arm-none-eabi/10.3.1/../../../../arm-none-eabi/lib/thumb/v7-m/nofp\libc_nano.a(lib_a-nano-mallocr.o)
                0x0000000008007b60                _malloc_r
 .text.__cvt    0x0000000008007c48       0xbe d:/stm32/stm32cube/stm32cubeide_1.7.0/stm32cubeide/plugins/com.st.stm32cube.ide.mcu.externaltools.gnu-tools-for-stm32.10.3-2021.10.win32_1.0.0.202111181127/tools/bin/../lib/gcc/arm-none-eabi/10.3.1/../../../../arm-none-eabi/lib/thumb/v7-m/nofp\libc_nano.a(lib_a-nano-vfprintf_float.o)
                0x0000000008007c48                __cvt
 .text.__exponent
                0x0000000008007d06       0x7c d:/stm32/stm32cube/stm32cubeide_1.7.0/stm32cubeide/plugins/com.st.stm32cube.ide.mcu.externaltools.gnu-tools-for-stm32.10.3-2021.10.win32_1.0.0.202111181127/tools/bin/../lib/gcc/arm-none-eabi/10.3.1/../../../../arm-none-eabi/lib/thumb/v7-m/nofp\libc_nano.a(lib_a-nano-vfprintf_float.o)
                0x0000000008007d06                __exponent
 *fill*         0x0000000008007d82        0x2 
 .text._printf_float
                0x0000000008007d84      0x458 d:/stm32/stm32cube/stm32cubeide_1.7.0/stm32cubeide/plugins/com.st.stm32cube.ide.mcu.externaltools.gnu-tools-for-stm32.10.3-2021.10.win32_1.0.0.202111181127/tools/bin/../lib/gcc/arm-none-eabi/10.3.1/../../../../arm-none-eabi/lib/thumb/v7-m/nofp\libc_nano.a(lib_a-nano-vfprintf_float.o)
                0x0000000008007d84                _printf_float
 .text._printf_common
                0x00000000080081dc       0xde d:/stm32/stm32cube/stm32cubeide_1.7.0/stm32cubeide/plugins/com.st.stm32cube.ide.mcu.externaltools.gnu-tools-for-stm32.10.3-2021.10.win32_1.0.0.202111181127/tools/bin/../lib/gcc/arm-none-eabi/10.3.1/../../../../arm-none-eabi/lib/thumb/v7-m/nofp\libc_nano.a(lib_a-nano-vfprintf_i.o)
                0x00000000080081dc                _printf_common
 *fill*         0x00000000080082ba        0x2 
 .text._printf_i
                0x00000000080082bc      0x24c d:/stm32/stm32cube/stm32cubeide_1.7.0/stm32cubeide/plugins/com.st.stm32cube.ide.mcu.externaltools.gnu-tools-for-stm32.10.3-2021.10.win32_1.0.0.202111181127/tools/bin/../lib/gcc/arm-none-eabi/10.3.1/../../../../arm-none-eabi/lib/thumb/v7-m/nofp\libc_nano.a(lib_a-nano-vfprintf_i.o)
                0x00000000080082bc                _printf_i
 .text._scanf_float
                0x0000000008008508      0x41c d:/stm32/stm32cube/stm32cubeide_1.7.0/stm32cubeide/plugins/com.st.stm32cube.ide.mcu.externaltools.gnu-tools-for-stm32.10.3-2021.10.win32_1.0.0.202111181127/tools/bin/../lib/gcc/arm-none-eabi/10.3.1/../../../../arm-none-eabi/lib/thumb/v7-m/nofp\libc_nano.a(lib_a-nano-vfscanf_float.o)
                0x0000000008008508                _scanf_float
 .text.printf   0x0000000008008924       0x30 d:/stm32/stm32cube/stm32cubeide_1.7.0/stm32cubeide/plugins/com.st.stm32cube.ide.mcu.externaltools.gnu-tools-for-stm32.10.3-2021.10.win32_1.0.0.202111181127/tools/bin/../lib/gcc/arm-none-eabi/10.3.1/../../../../arm-none-eabi/lib/thumb/v7-m/nofp\libc_nano.a(lib_a-printf.o)
                0x0000000008008924                iprintf
                0x0000000008008924                printf
 .text._puts_r  0x0000000008008954       0xdc d:/stm32/stm32cube/stm32cubeide_1.7.0/stm32cubeide/plugins/com.st.stm32cube.ide.mcu.externaltools.gnu-tools-for-stm32.10.3-2021.10.win32_1.0.0.202111181127/tools/bin/../lib/gcc/arm-none-eabi/10.3.1/../../../../arm-none-eabi/lib/thumb/v7-m/nofp\libc_nano.a(lib_a-puts.o)
                0x0000000008008954                _puts_r
 .text.puts     0x0000000008008a30       0x10 d:/stm32/stm32cube/stm32cubeide_1.7.0/stm32cubeide/plugins/com.st.stm32cube.ide.mcu.externaltools.gnu-tools-for-stm32.10.3-2021.10.win32_1.0.0.202111181127/tools/bin/../lib/gcc/arm-none-eabi/10.3.1/../../../../arm-none-eabi/lib/thumb/v7-m/nofp\libc_nano.a(lib_a-puts.o)
                0x0000000008008a30                puts
 .text.cleanup_glue
                0x0000000008008a40       0x1a d:/stm32/stm32cube/stm32cubeide_1.7.0/stm32cubeide/plugins/com.st.stm32cube.ide.mcu.externaltools.gnu-tools-for-stm32.10.3-2021.10.win32_1.0.0.202111181127/tools/bin/../lib/gcc/arm-none-eabi/10.3.1/../../../../arm-none-eabi/lib/thumb/v7-m/nofp\libc_nano.a(lib_a-reent.o)
                0x0000000008008a40                cleanup_glue
 *fill*         0x0000000008008a5a        0x2 
 .text._reclaim_reent
                0x0000000008008a5c       0xb8 d:/stm32/stm32cube/stm32cubeide_1.7.0/stm32cubeide/plugins/com.st.stm32cube.ide.mcu.externaltools.gnu-tools-for-stm32.10.3-2021.10.win32_1.0.0.202111181127/tools/bin/../lib/gcc/arm-none-eabi/10.3.1/../../../../arm-none-eabi/lib/thumb/v7-m/nofp\libc_nano.a(lib_a-reent.o)
                0x0000000008008a5c                _reclaim_reent
 .text._sbrk_r  0x0000000008008b14       0x20 d:/stm32/stm32cube/stm32cubeide_1.7.0/stm32cubeide/plugins/com.st.stm32cube.ide.mcu.externaltools.gnu-tools-for-stm32.10.3-2021.10.win32_1.0.0.202111181127/tools/bin/../lib/gcc/arm-none-eabi/10.3.1/../../../../arm-none-eabi/lib/thumb/v7-m/nofp\libc_nano.a(lib_a-sbrkr.o)
                0x0000000008008b14                _sbrk_r
 .text.nanf     0x0000000008008b34        0x8 d:/stm32/stm32cube/stm32cubeide_1.7.0/stm32cubeide/plugins/com.st.stm32cube.ide.mcu.externaltools.gnu-tools-for-stm32.10.3-2021.10.win32_1.0.0.202111181127/tools/bin/../lib/gcc/arm-none-eabi/10.3.1/../../../../arm-none-eabi/lib/thumb/v7-m/nofp\libc_nano.a(lib_a-sf_nan.o)
                0x0000000008008b34                nanf
 .text.sprintf  0x0000000008008b3c       0x40 d:/stm32/stm32cube/stm32cubeide_1.7.0/stm32cubeide/plugins/com.st.stm32cube.ide.mcu.externaltools.gnu-tools-for-stm32.10.3-2021.10.win32_1.0.0.202111181127/tools/bin/../lib/gcc/arm-none-eabi/10.3.1/../../../../arm-none-eabi/lib/thumb/v7-m/nofp\libc_nano.a(lib_a-sprintf.o)
                0x0000000008008b3c                siprintf
                0x0000000008008b3c                sprintf
 .text.__sread  0x0000000008008b7c       0x22 d:/stm32/stm32cube/stm32cubeide_1.7.0/stm32cubeide/plugins/com.st.stm32cube.ide.mcu.externaltools.gnu-tools-for-stm32.10.3-2021.10.win32_1.0.0.202111181127/tools/bin/../lib/gcc/arm-none-eabi/10.3.1/../../../../arm-none-eabi/lib/thumb/v7-m/nofp\libc_nano.a(lib_a-stdio.o)
                0x0000000008008b7c                __sread
 .text.__swrite
                0x0000000008008b9e       0x38 d:/stm32/stm32cube/stm32cubeide_1.7.0/stm32cubeide/plugins/com.st.stm32cube.ide.mcu.externaltools.gnu-tools-for-stm32.10.3-2021.10.win32_1.0.0.202111181127/tools/bin/../lib/gcc/arm-none-eabi/10.3.1/../../../../arm-none-eabi/lib/thumb/v7-m/nofp\libc_nano.a(lib_a-stdio.o)
                0x0000000008008b9e                __swrite
 .text.__sseek  0x0000000008008bd6       0x24 d:/stm32/stm32cube/stm32cubeide_1.7.0/stm32cubeide/plugins/com.st.stm32cube.ide.mcu.externaltools.gnu-tools-for-stm32.10.3-2021.10.win32_1.0.0.202111181127/tools/bin/../lib/gcc/arm-none-eabi/10.3.1/../../../../arm-none-eabi/lib/thumb/v7-m/nofp\libc_nano.a(lib_a-stdio.o)
                0x0000000008008bd6                __sseek
 .text.__sclose
                0x0000000008008bfa        0x8 d:/stm32/stm32cube/stm32cubeide_1.7.0/stm32cubeide/plugins/com.st.stm32cube.ide.mcu.externaltools.gnu-tools-for-stm32.10.3-2021.10.win32_1.0.0.202111181127/tools/bin/../lib/gcc/arm-none-eabi/10.3.1/../../../../arm-none-eabi/lib/thumb/v7-m/nofp\libc_nano.a(lib_a-stdio.o)
                0x0000000008008bfa                __sclose
 .text.sulp     0x0000000008008c02       0x42 d:/stm32/stm32cube/stm32cubeide_1.7.0/stm32cubeide/plugins/com.st.stm32cube.ide.mcu.externaltools.gnu-tools-for-stm32.10.3-2021.10.win32_1.0.0.202111181127/tools/bin/../lib/gcc/arm-none-eabi/10.3.1/../../../../arm-none-eabi/lib/thumb/v7-m/nofp\libc_nano.a(lib_a-strtod.o)
 *fill*         0x0000000008008c44        0x4 
 .text._strtod_l
                0x0000000008008c48      0xbd0 d:/stm32/stm32cube/stm32cubeide_1.7.0/stm32cubeide/plugins/com.st.stm32cube.ide.mcu.externaltools.gnu-tools-for-stm32.10.3-2021.10.win32_1.0.0.202111181127/tools/bin/../lib/gcc/arm-none-eabi/10.3.1/../../../../arm-none-eabi/lib/thumb/v7-m/nofp\libc_nano.a(lib_a-strtod.o)
                0x0000000008008c48                _strtod_l
 .text._strtod_r
                0x0000000008009818        0xc d:/stm32/stm32cube/stm32cubeide_1.7.0/stm32cubeide/plugins/com.st.stm32cube.ide.mcu.externaltools.gnu-tools-for-stm32.10.3-2021.10.win32_1.0.0.202111181127/tools/bin/../lib/gcc/arm-none-eabi/10.3.1/../../../../arm-none-eabi/lib/thumb/v7-m/nofp\libc_nano.a(lib_a-strtod.o)
                0x0000000008009818                _strtod_r
 .text._strtol_l.constprop.0
                0x0000000008009824       0xf8 d:/stm32/stm32cube/stm32cubeide_1.7.0/stm32cubeide/plugins/com.st.stm32cube.ide.mcu.externaltools.gnu-tools-for-stm32.10.3-2021.10.win32_1.0.0.202111181127/tools/bin/../lib/gcc/arm-none-eabi/10.3.1/../../../../arm-none-eabi/lib/thumb/v7-m/nofp\libc_nano.a(lib_a-strtol.o)
 .text._strtol_r
                0x000000000800991c        0x4 d:/stm32/stm32cube/stm32cubeide_1.7.0/stm32cubeide/plugins/com.st.stm32cube.ide.mcu.externaltools.gnu-tools-for-stm32.10.3-2021.10.win32_1.0.0.202111181127/tools/bin/../lib/gcc/arm-none-eabi/10.3.1/../../../../arm-none-eabi/lib/thumb/v7-m/nofp\libc_nano.a(lib_a-strtol.o)
                0x000000000800991c                _strtol_r
 .text.__swbuf_r
                0x0000000008009920       0xa4 d:/stm32/stm32cube/stm32cubeide_1.7.0/stm32cubeide/plugins/com.st.stm32cube.ide.mcu.externaltools.gnu-tools-for-stm32.10.3-2021.10.win32_1.0.0.202111181127/tools/bin/../lib/gcc/arm-none-eabi/10.3.1/../../../../arm-none-eabi/lib/thumb/v7-m/nofp\libc_nano.a(lib_a-wbuf.o)
                0x0000000008009920                __swbuf_r
 .text._write_r
                0x00000000080099c4       0x24 d:/stm32/stm32cube/stm32cubeide_1.7.0/stm32cubeide/plugins/com.st.stm32cube.ide.mcu.externaltools.gnu-tools-for-stm32.10.3-2021.10.win32_1.0.0.202111181127/tools/bin/../lib/gcc/arm-none-eabi/10.3.1/../../../../arm-none-eabi/lib/thumb/v7-m/nofp\libc_nano.a(lib_a-writer.o)
                0x00000000080099c4                _write_r
 .text.__swsetup_r
                0x00000000080099e8       0xdc d:/stm32/stm32cube/stm32cubeide_1.7.0/stm32cubeide/plugins/com.st.stm32cube.ide.mcu.externaltools.gnu-tools-for-stm32.10.3-2021.10.win32_1.0.0.202111181127/tools/bin/../lib/gcc/arm-none-eabi/10.3.1/../../../../arm-none-eabi/lib/thumb/v7-m/nofp\libc_nano.a(lib_a-wsetup.o)
                0x00000000080099e8                __swsetup_r
 .text._close_r
                0x0000000008009ac4       0x20 d:/stm32/stm32cube/stm32cubeide_1.7.0/stm32cubeide/plugins/com.st.stm32cube.ide.mcu.externaltools.gnu-tools-for-stm32.10.3-2021.10.win32_1.0.0.202111181127/tools/bin/../lib/gcc/arm-none-eabi/10.3.1/../../../../arm-none-eabi/lib/thumb/v7-m/nofp\libc_nano.a(lib_a-closer.o)
                0x0000000008009ac4                _close_r
 .text.quorem   0x0000000008009ae4      0x118 d:/stm32/stm32cube/stm32cubeide_1.7.0/stm32cubeide/plugins/com.st.stm32cube.ide.mcu.externaltools.gnu-tools-for-stm32.10.3-2021.10.win32_1.0.0.202111181127/tools/bin/../lib/gcc/arm-none-eabi/10.3.1/../../../../arm-none-eabi/lib/thumb/v7-m/nofp\libc_nano.a(lib_a-dtoa.o)
 *fill*         0x0000000008009bfc        0x4 
 .text._dtoa_r  0x0000000008009c00      0xbdc d:/stm32/stm32cube/stm32cubeide_1.7.0/stm32cubeide/plugins/com.st.stm32cube.ide.mcu.externaltools.gnu-tools-for-stm32.10.3-2021.10.win32_1.0.0.202111181127/tools/bin/../lib/gcc/arm-none-eabi/10.3.1/../../../../arm-none-eabi/lib/thumb/v7-m/nofp\libc_nano.a(lib_a-dtoa.o)
                0x0000000008009c00                _dtoa_r
 .text.__sflush_r
                0x000000000800a7dc      0x104 d:/stm32/stm32cube/stm32cubeide_1.7.0/stm32cubeide/plugins/com.st.stm32cube.ide.mcu.externaltools.gnu-tools-for-stm32.10.3-2021.10.win32_1.0.0.202111181127/tools/bin/../lib/gcc/arm-none-eabi/10.3.1/../../../../arm-none-eabi/lib/thumb/v7-m/nofp\libc_nano.a(lib_a-fflush.o)
                0x000000000800a7dc                __sflush_r
 .text._fflush_r
                0x000000000800a8e0       0x78 d:/stm32/stm32cube/stm32cubeide_1.7.0/stm32cubeide/plugins/com.st.stm32cube.ide.mcu.externaltools.gnu-tools-for-stm32.10.3-2021.10.win32_1.0.0.202111181127/tools/bin/../lib/gcc/arm-none-eabi/10.3.1/../../../../arm-none-eabi/lib/thumb/v7-m/nofp\libc_nano.a(lib_a-fflush.o)
                0x000000000800a8e0                _fflush_r
 .text.rshift   0x000000000800a958       0xa6 d:/stm32/stm32cube/stm32cubeide_1.7.0/stm32cubeide/plugins/com.st.stm32cube.ide.mcu.externaltools.gnu-tools-for-stm32.10.3-2021.10.win32_1.0.0.202111181127/tools/bin/../lib/gcc/arm-none-eabi/10.3.1/../../../../arm-none-eabi/lib/thumb/v7-m/nofp\libc_nano.a(lib_a-gdtoa-gethex.o)
 .text.__hexdig_fun
                0x000000000800a9fe       0x2a d:/stm32/stm32cube/stm32cubeide_1.7.0/stm32cubeide/plugins/com.st.stm32cube.ide.mcu.externaltools.gnu-tools-for-stm32.10.3-2021.10.win32_1.0.0.202111181127/tools/bin/../lib/gcc/arm-none-eabi/10.3.1/../../../../arm-none-eabi/lib/thumb/v7-m/nofp\libc_nano.a(lib_a-gdtoa-gethex.o)
                0x000000000800a9fe                __hexdig_fun
 .text.__gethex
                0x000000000800aa28      0x478 d:/stm32/stm32cube/stm32cubeide_1.7.0/stm32cubeide/plugins/com.st.stm32cube.ide.mcu.externaltools.gnu-tools-for-stm32.10.3-2021.10.win32_1.0.0.202111181127/tools/bin/../lib/gcc/arm-none-eabi/10.3.1/../../../../arm-none-eabi/lib/thumb/v7-m/nofp\libc_nano.a(lib_a-gdtoa-gethex.o)
                0x000000000800aa28                __gethex
 .text.L_shift  0x000000000800aea0       0x24 d:/stm32/stm32cube/stm32cubeide_1.7.0/stm32cubeide/plugins/com.st.stm32cube.ide.mcu.externaltools.gnu-tools-for-stm32.10.3-2021.10.win32_1.0.0.202111181127/tools/bin/../lib/gcc/arm-none-eabi/10.3.1/../../../../arm-none-eabi/lib/thumb/v7-m/nofp\libc_nano.a(lib_a-gdtoa-hexnan.o)
 .text.__match  0x000000000800aec4       0x28 d:/stm32/stm32cube/stm32cubeide_1.7.0/stm32cubeide/plugins/com.st.stm32cube.ide.mcu.externaltools.gnu-tools-for-stm32.10.3-2021.10.win32_1.0.0.202111181127/tools/bin/../lib/gcc/arm-none-eabi/10.3.1/../../../../arm-none-eabi/lib/thumb/v7-m/nofp\libc_nano.a(lib_a-gdtoa-hexnan.o)
                0x000000000800aec4                __match
 .text.__hexnan
                0x000000000800aeec      0x138 d:/stm32/stm32cube/stm32cubeide_1.7.0/stm32cubeide/plugins/com.st.stm32cube.ide.mcu.externaltools.gnu-tools-for-stm32.10.3-2021.10.win32_1.0.0.202111181127/tools/bin/../lib/gcc/arm-none-eabi/10.3.1/../../../../arm-none-eabi/lib/thumb/v7-m/nofp\libc_nano.a(lib_a-gdtoa-hexnan.o)
                0x000000000800aeec                __hexnan
 .text._localeconv_r
                0x000000000800b024        0x8 d:/stm32/stm32cube/stm32cubeide_1.7.0/stm32cubeide/plugins/com.st.stm32cube.ide.mcu.externaltools.gnu-tools-for-stm32.10.3-2021.10.win32_1.0.0.202111181127/tools/bin/../lib/gcc/arm-none-eabi/10.3.1/../../../../arm-none-eabi/lib/thumb/v7-m/nofp\libc_nano.a(lib_a-localeconv.o)
                0x000000000800b024                _localeconv_r
 .text._lseek_r
                0x000000000800b02c       0x24 d:/stm32/stm32cube/stm32cubeide_1.7.0/stm32cubeide/plugins/com.st.stm32cube.ide.mcu.externaltools.gnu-tools-for-stm32.10.3-2021.10.win32_1.0.0.202111181127/tools/bin/../lib/gcc/arm-none-eabi/10.3.1/../../../../arm-none-eabi/lib/thumb/v7-m/nofp\libc_nano.a(lib_a-lseekr.o)
                0x000000000800b02c                _lseek_r
 .text.__swhatbuf_r
                0x000000000800b050       0x4a d:/stm32/stm32cube/stm32cubeide_1.7.0/stm32cubeide/plugins/com.st.stm32cube.ide.mcu.externaltools.gnu-tools-for-stm32.10.3-2021.10.win32_1.0.0.202111181127/tools/bin/../lib/gcc/arm-none-eabi/10.3.1/../../../../arm-none-eabi/lib/thumb/v7-m/nofp\libc_nano.a(lib_a-makebuf.o)
                0x000000000800b050                __swhatbuf_r
 *fill*         0x000000000800b09a        0x2 
 .text.__smakebuf_r
                0x000000000800b09c       0x80 d:/stm32/stm32cube/stm32cubeide_1.7.0/stm32cubeide/plugins/com.st.stm32cube.ide.mcu.externaltools.gnu-tools-for-stm32.10.3-2021.10.win32_1.0.0.202111181127/tools/bin/../lib/gcc/arm-none-eabi/10.3.1/../../../../arm-none-eabi/lib/thumb/v7-m/nofp\libc_nano.a(lib_a-makebuf.o)
                0x000000000800b09c                __smakebuf_r
 .text.__ascii_mbtowc
                0x000000000800b11c       0x24 d:/stm32/stm32cube/stm32cubeide_1.7.0/stm32cubeide/plugins/com.st.stm32cube.ide.mcu.externaltools.gnu-tools-for-stm32.10.3-2021.10.win32_1.0.0.202111181127/tools/bin/../lib/gcc/arm-none-eabi/10.3.1/../../../../arm-none-eabi/lib/thumb/v7-m/nofp\libc_nano.a(lib_a-mbtowc_r.o)
                0x000000000800b11c                __ascii_mbtowc
 .text.memchr   0x000000000800b140       0x1c d:/stm32/stm32cube/stm32cubeide_1.7.0/stm32cubeide/plugins/com.st.stm32cube.ide.mcu.externaltools.gnu-tools-for-stm32.10.3-2021.10.win32_1.0.0.202111181127/tools/bin/../lib/gcc/arm-none-eabi/10.3.1/../../../../arm-none-eabi/lib/thumb/v7-m/nofp\libc_nano.a(lib_a-memchr-stub.o)
                0x000000000800b140                memchr
 .text.__malloc_lock
                0x000000000800b15c        0xc d:/stm32/stm32cube/stm32cubeide_1.7.0/stm32cubeide/plugins/com.st.stm32cube.ide.mcu.externaltools.gnu-tools-for-stm32.10.3-2021.10.win32_1.0.0.202111181127/tools/bin/../lib/gcc/arm-none-eabi/10.3.1/../../../../arm-none-eabi/lib/thumb/v7-m/nofp\libc_nano.a(lib_a-mlock.o)
                0x000000000800b15c                __malloc_lock
 .text.__malloc_unlock
                0x000000000800b168        0xc d:/stm32/stm32cube/stm32cubeide_1.7.0/stm32cubeide/plugins/com.st.stm32cube.ide.mcu.externaltools.gnu-tools-for-stm32.10.3-2021.10.win32_1.0.0.202111181127/tools/bin/../lib/gcc/arm-none-eabi/10.3.1/../../../../arm-none-eabi/lib/thumb/v7-m/nofp\libc_nano.a(lib_a-mlock.o)
                0x000000000800b168                __malloc_unlock
 .text._Balloc  0x000000000800b174       0x80 d:/stm32/stm32cube/stm32cubeide_1.7.0/stm32cubeide/plugins/com.st.stm32cube.ide.mcu.externaltools.gnu-tools-for-stm32.10.3-2021.10.win32_1.0.0.202111181127/tools/bin/../lib/gcc/arm-none-eabi/10.3.1/../../../../arm-none-eabi/lib/thumb/v7-m/nofp\libc_nano.a(lib_a-mprec.o)
                0x000000000800b174                _Balloc
 .text._Bfree   0x000000000800b1f4       0x44 d:/stm32/stm32cube/stm32cubeide_1.7.0/stm32cubeide/plugins/com.st.stm32cube.ide.mcu.externaltools.gnu-tools-for-stm32.10.3-2021.10.win32_1.0.0.202111181127/tools/bin/../lib/gcc/arm-none-eabi/10.3.1/../../../../arm-none-eabi/lib/thumb/v7-m/nofp\libc_nano.a(lib_a-mprec.o)
                0x000000000800b1f4                _Bfree
 .text.__multadd
                0x000000000800b238       0x8c d:/stm32/stm32cube/stm32cubeide_1.7.0/stm32cubeide/plugins/com.st.stm32cube.ide.mcu.externaltools.gnu-tools-for-stm32.10.3-2021.10.win32_1.0.0.202111181127/tools/bin/../lib/gcc/arm-none-eabi/10.3.1/../../../../arm-none-eabi/lib/thumb/v7-m/nofp\libc_nano.a(lib_a-mprec.o)
                0x000000000800b238                __multadd
 .text.__s2b    0x000000000800b2c4       0x94 d:/stm32/stm32cube/stm32cubeide_1.7.0/stm32cubeide/plugins/com.st.stm32cube.ide.mcu.externaltools.gnu-tools-for-stm32.10.3-2021.10.win32_1.0.0.202111181127/tools/bin/../lib/gcc/arm-none-eabi/10.3.1/../../../../arm-none-eabi/lib/thumb/v7-m/nofp\libc_nano.a(lib_a-mprec.o)
                0x000000000800b2c4                __s2b
 .text.__hi0bits
                0x000000000800b358       0x40 d:/stm32/stm32cube/stm32cubeide_1.7.0/stm32cubeide/plugins/com.st.stm32cube.ide.mcu.externaltools.gnu-tools-for-stm32.10.3-2021.10.win32_1.0.0.202111181127/tools/bin/../lib/gcc/arm-none-eabi/10.3.1/../../../../arm-none-eabi/lib/thumb/v7-m/nofp\libc_nano.a(lib_a-mprec.o)
                0x000000000800b358                __hi0bits
 .text.__lo0bits
                0x000000000800b398       0x5a d:/stm32/stm32cube/stm32cubeide_1.7.0/stm32cubeide/plugins/com.st.stm32cube.ide.mcu.externaltools.gnu-tools-for-stm32.10.3-2021.10.win32_1.0.0.202111181127/tools/bin/../lib/gcc/arm-none-eabi/10.3.1/../../../../arm-none-eabi/lib/thumb/v7-m/nofp\libc_nano.a(lib_a-mprec.o)
                0x000000000800b398                __lo0bits
 *fill*         0x000000000800b3f2        0x2 
 .text.__i2b    0x000000000800b3f4       0x2c d:/stm32/stm32cube/stm32cubeide_1.7.0/stm32cubeide/plugins/com.st.stm32cube.ide.mcu.externaltools.gnu-tools-for-stm32.10.3-2021.10.win32_1.0.0.202111181127/tools/bin/../lib/gcc/arm-none-eabi/10.3.1/../../../../arm-none-eabi/lib/thumb/v7-m/nofp\libc_nano.a(lib_a-mprec.o)
                0x000000000800b3f4                __i2b
 .text.__multiply
                0x000000000800b420      0x150 d:/stm32/stm32cube/stm32cubeide_1.7.0/stm32cubeide/plugins/com.st.stm32cube.ide.mcu.externaltools.gnu-tools-for-stm32.10.3-2021.10.win32_1.0.0.202111181127/tools/bin/../lib/gcc/arm-none-eabi/10.3.1/../../../../arm-none-eabi/lib/thumb/v7-m/nofp\libc_nano.a(lib_a-mprec.o)
                0x000000000800b420                __multiply
 .text.__pow5mult
                0x000000000800b570       0xb4 d:/stm32/stm32cube/stm32cubeide_1.7.0/stm32cubeide/plugins/com.st.stm32cube.ide.mcu.externaltools.gnu-tools-for-stm32.10.3-2021.10.win32_1.0.0.202111181127/tools/bin/../lib/gcc/arm-none-eabi/10.3.1/../../../../arm-none-eabi/lib/thumb/v7-m/nofp\libc_nano.a(lib_a-mprec.o)
                0x000000000800b570                __pow5mult
 .text.__lshift
                0x000000000800b624       0xe0 d:/stm32/stm32cube/stm32cubeide_1.7.0/stm32cubeide/plugins/com.st.stm32cube.ide.mcu.externaltools.gnu-tools-for-stm32.10.3-2021.10.win32_1.0.0.202111181127/tools/bin/../lib/gcc/arm-none-eabi/10.3.1/../../../../arm-none-eabi/lib/thumb/v7-m/nofp\libc_nano.a(lib_a-mprec.o)
                0x000000000800b624                __lshift
 .text.__mcmp   0x000000000800b704       0x36 d:/stm32/stm32cube/stm32cubeide_1.7.0/stm32cubeide/plugins/com.st.stm32cube.ide.mcu.externaltools.gnu-tools-for-stm32.10.3-2021.10.win32_1.0.0.202111181127/tools/bin/../lib/gcc/arm-none-eabi/10.3.1/../../../../arm-none-eabi/lib/thumb/v7-m/nofp\libc_nano.a(lib_a-mprec.o)
                0x000000000800b704                __mcmp
 *fill*         0x000000000800b73a        0x2 
 .text.__mdiff  0x000000000800b73c      0x118 d:/stm32/stm32cube/stm32cubeide_1.7.0/stm32cubeide/plugins/com.st.stm32cube.ide.mcu.externaltools.gnu-tools-for-stm32.10.3-2021.10.win32_1.0.0.202111181127/tools/bin/../lib/gcc/arm-none-eabi/10.3.1/../../../../arm-none-eabi/lib/thumb/v7-m/nofp\libc_nano.a(lib_a-mprec.o)
                0x000000000800b73c                __mdiff
 .text.__ulp    0x000000000800b854       0x4c d:/stm32/stm32cube/stm32cubeide_1.7.0/stm32cubeide/plugins/com.st.stm32cube.ide.mcu.externaltools.gnu-tools-for-stm32.10.3-2021.10.win32_1.0.0.202111181127/tools/bin/../lib/gcc/arm-none-eabi/10.3.1/../../../../arm-none-eabi/lib/thumb/v7-m/nofp\libc_nano.a(lib_a-mprec.o)
                0x000000000800b854                __ulp
 .text.__b2d    0x000000000800b8a0       0xa8 d:/stm32/stm32cube/stm32cubeide_1.7.0/stm32cubeide/plugins/com.st.stm32cube.ide.mcu.externaltools.gnu-tools-for-stm32.10.3-2021.10.win32_1.0.0.202111181127/tools/bin/../lib/gcc/arm-none-eabi/10.3.1/../../../../arm-none-eabi/lib/thumb/v7-m/nofp\libc_nano.a(lib_a-mprec.o)
                0x000000000800b8a0                __b2d
 .text.__d2b    0x000000000800b948       0xb8 d:/stm32/stm32cube/stm32cubeide_1.7.0/stm32cubeide/plugins/com.st.stm32cube.ide.mcu.externaltools.gnu-tools-for-stm32.10.3-2021.10.win32_1.0.0.202111181127/tools/bin/../lib/gcc/arm-none-eabi/10.3.1/../../../../arm-none-eabi/lib/thumb/v7-m/nofp\libc_nano.a(lib_a-mprec.o)
                0x000000000800b948                __d2b
 .text.__ratio  0x000000000800ba00       0x5c d:/stm32/stm32cube/stm32cubeide_1.7.0/stm32cubeide/plugins/com.st.stm32cube.ide.mcu.externaltools.gnu-tools-for-stm32.10.3-2021.10.win32_1.0.0.202111181127/tools/bin/../lib/gcc/arm-none-eabi/10.3.1/../../../../arm-none-eabi/lib/thumb/v7-m/nofp\libc_nano.a(lib_a-mprec.o)
                0x000000000800ba00                __ratio
 .text.__copybits
                0x000000000800ba5c       0x46 d:/stm32/stm32cube/stm32cubeide_1.7.0/stm32cubeide/plugins/com.st.stm32cube.ide.mcu.externaltools.gnu-tools-for-stm32.10.3-2021.10.win32_1.0.0.202111181127/tools/bin/../lib/gcc/arm-none-eabi/10.3.1/../../../../arm-none-eabi/lib/thumb/v7-m/nofp\libc_nano.a(lib_a-mprec.o)
                0x000000000800ba5c                __copybits
 .text.__any_on
                0x000000000800baa2       0x42 d:/stm32/stm32cube/stm32cubeide_1.7.0/stm32cubeide/plugins/com.st.stm32cube.ide.mcu.externaltools.gnu-tools-for-stm32.10.3-2021.10.win32_1.0.0.202111181127/tools/bin/../lib/gcc/arm-none-eabi/10.3.1/../../../../arm-none-eabi/lib/thumb/v7-m/nofp\libc_nano.a(lib_a-mprec.o)
                0x000000000800baa2                __any_on
 .text._calloc_r
                0x000000000800bae4       0x28 d:/stm32/stm32cube/stm32cubeide_1.7.0/stm32cubeide/plugins/com.st.stm32cube.ide.mcu.externaltools.gnu-tools-for-stm32.10.3-2021.10.win32_1.0.0.202111181127/tools/bin/../lib/gcc/arm-none-eabi/10.3.1/../../../../arm-none-eabi/lib/thumb/v7-m/nofp\libc_nano.a(lib_a-nano-callocr.o)
                0x000000000800bae4                _calloc_r
 .text.__ssputs_r
                0x000000000800bb0c       0xb6 d:/stm32/stm32cube/stm32cubeide_1.7.0/stm32cubeide/plugins/com.st.stm32cube.ide.mcu.externaltools.gnu-tools-for-stm32.10.3-2021.10.win32_1.0.0.202111181127/tools/bin/../lib/gcc/arm-none-eabi/10.3.1/../../../../arm-none-eabi/lib/thumb/v7-m/nofp\libc_nano.a(lib_a-nano-svfprintf.o)
                0x000000000800bb0c                __ssputs_r
 *fill*         0x000000000800bbc2        0x2 
 .text._svfprintf_r
                0x000000000800bbc4      0x200 d:/stm32/stm32cube/stm32cubeide_1.7.0/stm32cubeide/plugins/com.st.stm32cube.ide.mcu.externaltools.gnu-tools-for-stm32.10.3-2021.10.win32_1.0.0.202111181127/tools/bin/../lib/gcc/arm-none-eabi/10.3.1/../../../../arm-none-eabi/lib/thumb/v7-m/nofp\libc_nano.a(lib_a-nano-svfprintf.o)
                0x000000000800bbc4                _svfiprintf_r
                0x000000000800bbc4                _svfprintf_r
 .text.__sfputc_r
                0x000000000800bdc4       0x2a d:/stm32/stm32cube/stm32cubeide_1.7.0/stm32cubeide/plugins/com.st.stm32cube.ide.mcu.externaltools.gnu-tools-for-stm32.10.3-2021.10.win32_1.0.0.202111181127/tools/bin/../lib/gcc/arm-none-eabi/10.3.1/../../../../arm-none-eabi/lib/thumb/v7-m/nofp\libc_nano.a(lib_a-nano-vfprintf.o)
 .text.__sfputs_r
                0x000000000800bdee       0x24 d:/stm32/stm32cube/stm32cubeide_1.7.0/stm32cubeide/plugins/com.st.stm32cube.ide.mcu.externaltools.gnu-tools-for-stm32.10.3-2021.10.win32_1.0.0.202111181127/tools/bin/../lib/gcc/arm-none-eabi/10.3.1/../../../../arm-none-eabi/lib/thumb/v7-m/nofp\libc_nano.a(lib_a-nano-vfprintf.o)
                0x000000000800bdee                __sfputs_r
 *fill*         0x000000000800be12        0x2 
 .text._vfprintf_r
                0x000000000800be14      0x260 d:/stm32/stm32cube/stm32cubeide_1.7.0/stm32cubeide/plugins/com.st.stm32cube.ide.mcu.externaltools.gnu-tools-for-stm32.10.3-2021.10.win32_1.0.0.202111181127/tools/bin/../lib/gcc/arm-none-eabi/10.3.1/../../../../arm-none-eabi/lib/thumb/v7-m/nofp\libc_nano.a(lib_a-nano-vfprintf.o)
                0x000000000800be14                _vfprintf_r
                0x000000000800be14                _vfiprintf_r
 .text._read_r  0x000000000800c074       0x24 d:/stm32/stm32cube/stm32cubeide_1.7.0/stm32cubeide/plugins/com.st.stm32cube.ide.mcu.externaltools.gnu-tools-for-stm32.10.3-2021.10.win32_1.0.0.202111181127/tools/bin/../lib/gcc/arm-none-eabi/10.3.1/../../../../arm-none-eabi/lib/thumb/v7-m/nofp\libc_nano.a(lib_a-readr.o)
                0x000000000800c074                _read_r
 .text.nan      0x000000000800c098        0xc d:/stm32/stm32cube/stm32cubeide_1.7.0/stm32cubeide/plugins/com.st.stm32cube.ide.mcu.externaltools.gnu-tools-for-stm32.10.3-2021.10.win32_1.0.0.202111181127/tools/bin/../lib/gcc/arm-none-eabi/10.3.1/../../../../arm-none-eabi/lib/thumb/v7-m/nofp\libc_nano.a(lib_a-s_nan.o)
                0x000000000800c098                nan
 .text.strncmp  0x000000000800c0a4       0x28 d:/stm32/stm32cube/stm32cubeide_1.7.0/stm32cubeide/plugins/com.st.stm32cube.ide.mcu.externaltools.gnu-tools-for-stm32.10.3-2021.10.win32_1.0.0.202111181127/tools/bin/../lib/gcc/arm-none-eabi/10.3.1/../../../../arm-none-eabi/lib/thumb/v7-m/nofp\libc_nano.a(lib_a-strncmp.o)
                0x000000000800c0a4                strncmp
 .text.__ascii_wctomb
                0x000000000800c0cc       0x1a d:/stm32/stm32cube/stm32cubeide_1.7.0/stm32cubeide/plugins/com.st.stm32cube.ide.mcu.externaltools.gnu-tools-for-stm32.10.3-2021.10.win32_1.0.0.202111181127/tools/bin/../lib/gcc/arm-none-eabi/10.3.1/../../../../arm-none-eabi/lib/thumb/v7-m/nofp\libc_nano.a(lib_a-wctomb_r.o)
                0x000000000800c0cc                __ascii_wctomb
 *fill*         0x000000000800c0e6        0x2 
 .text.__assert_func
                0x000000000800c0e8       0x3c d:/stm32/stm32cube/stm32cubeide_1.7.0/stm32cubeide/plugins/com.st.stm32cube.ide.mcu.externaltools.gnu-tools-for-stm32.10.3-2021.10.win32_1.0.0.202111181127/tools/bin/../lib/gcc/arm-none-eabi/10.3.1/../../../../arm-none-eabi/lib/thumb/v7-m/nofp\libc_nano.a(lib_a-assert.o)
                0x000000000800c0e8                __assert_func
 .text.fprintf  0x000000000800c124       0x24 d:/stm32/stm32cube/stm32cubeide_1.7.0/stm32cubeide/plugins/com.st.stm32cube.ide.mcu.externaltools.gnu-tools-for-stm32.10.3-2021.10.win32_1.0.0.202111181127/tools/bin/../lib/gcc/arm-none-eabi/10.3.1/../../../../arm-none-eabi/lib/thumb/v7-m/nofp\libc_nano.a(lib_a-fprintf.o)
                0x000000000800c124                fiprintf
                0x000000000800c124                fprintf
 .text._fstat_r
                0x000000000800c148       0x24 d:/stm32/stm32cube/stm32cubeide_1.7.0/stm32cubeide/plugins/com.st.stm32cube.ide.mcu.externaltools.gnu-tools-for-stm32.10.3-2021.10.win32_1.0.0.202111181127/tools/bin/../lib/gcc/arm-none-eabi/10.3.1/../../../../arm-none-eabi/lib/thumb/v7-m/nofp\libc_nano.a(lib_a-fstatr.o)
                0x000000000800c148                _fstat_r
 .text._isatty_r
                0x000000000800c16c       0x20 d:/stm32/stm32cube/stm32cubeide_1.7.0/stm32cubeide/plugins/com.st.stm32cube.ide.mcu.externaltools.gnu-tools-for-stm32.10.3-2021.10.win32_1.0.0.202111181127/tools/bin/../lib/gcc/arm-none-eabi/10.3.1/../../../../arm-none-eabi/lib/thumb/v7-m/nofp\libc_nano.a(lib_a-isattyr.o)
                0x000000000800c16c                _isatty_r
 .text.memmove  0x000000000800c18c       0x34 d:/stm32/stm32cube/stm32cubeide_1.7.0/stm32cubeide/plugins/com.st.stm32cube.ide.mcu.externaltools.gnu-tools-for-stm32.10.3-2021.10.win32_1.0.0.202111181127/tools/bin/../lib/gcc/arm-none-eabi/10.3.1/../../../../arm-none-eabi/lib/thumb/v7-m/nofp\libc_nano.a(lib_a-memmove.o)
                0x000000000800c18c                memmove
 .text._realloc_r
                0x000000000800c1c0       0x5e d:/stm32/stm32cube/stm32cubeide_1.7.0/stm32cubeide/plugins/com.st.stm32cube.ide.mcu.externaltools.gnu-tools-for-stm32.10.3-2021.10.win32_1.0.0.202111181127/tools/bin/../lib/gcc/arm-none-eabi/10.3.1/../../../../arm-none-eabi/lib/thumb/v7-m/nofp\libc_nano.a(lib_a-nano-reallocr.o)
                0x000000000800c1c0                _realloc_r
 .text.abort    0x000000000800c21e        0xe d:/stm32/stm32cube/stm32cubeide_1.7.0/stm32cubeide/plugins/com.st.stm32cube.ide.mcu.externaltools.gnu-tools-for-stm32.10.3-2021.10.win32_1.0.0.202111181127/tools/bin/../lib/gcc/arm-none-eabi/10.3.1/../../../../arm-none-eabi/lib/thumb/v7-m/nofp\libc_nano.a(lib_a-abort.o)
                0x000000000800c21e                abort
 .text._malloc_usable_size_r
                0x000000000800c22c       0x10 d:/stm32/stm32cube/stm32cubeide_1.7.0/stm32cubeide/plugins/com.st.stm32cube.ide.mcu.externaltools.gnu-tools-for-stm32.10.3-2021.10.win32_1.0.0.202111181127/tools/bin/../lib/gcc/arm-none-eabi/10.3.1/../../../../arm-none-eabi/lib/thumb/v7-m/nofp\libc_nano.a(lib_a-nano-msizer.o)
                0x000000000800c22c                _malloc_usable_size_r
 .text._raise_r
                0x000000000800c23c       0x50 d:/stm32/stm32cube/stm32cubeide_1.7.0/stm32cubeide/plugins/com.st.stm32cube.ide.mcu.externaltools.gnu-tools-for-stm32.10.3-2021.10.win32_1.0.0.202111181127/tools/bin/../lib/gcc/arm-none-eabi/10.3.1/../../../../arm-none-eabi/lib/thumb/v7-m/nofp\libc_nano.a(lib_a-signal.o)
                0x000000000800c23c                _raise_r
 .text.raise    0x000000000800c28c       0x10 d:/stm32/stm32cube/stm32cubeide_1.7.0/stm32cubeide/plugins/com.st.stm32cube.ide.mcu.externaltools.gnu-tools-for-stm32.10.3-2021.10.win32_1.0.0.202111181127/tools/bin/../lib/gcc/arm-none-eabi/10.3.1/../../../../arm-none-eabi/lib/thumb/v7-m/nofp\libc_nano.a(lib_a-signal.o)
                0x000000000800c28c                raise
 .text._kill_r  0x000000000800c29c       0x24 d:/stm32/stm32cube/stm32cubeide_1.7.0/stm32cubeide/plugins/com.st.stm32cube.ide.mcu.externaltools.gnu-tools-for-stm32.10.3-2021.10.win32_1.0.0.202111181127/tools/bin/../lib/gcc/arm-none-eabi/10.3.1/../../../../arm-none-eabi/lib/thumb/v7-m/nofp\libc_nano.a(lib_a-signalr.o)
                0x000000000800c29c                _kill_r
 .text._getpid_r
                0x000000000800c2c0        0x4 d:/stm32/stm32cube/stm32cubeide_1.7.0/stm32cubeide/plugins/com.st.stm32cube.ide.mcu.externaltools.gnu-tools-for-stm32.10.3-2021.10.win32_1.0.0.202111181127/tools/bin/../lib/gcc/arm-none-eabi/10.3.1/../../../../arm-none-eabi/lib/thumb/v7-m/nofp\libc_nano.a(lib_a-signalr.o)
                0x000000000800c2c0                _getpid_r
 *(.glue_7)
 .glue_7        0x000000000800c2c4        0x0 linker stubs
 *(.glue_7t)
 .glue_7t       0x000000000800c2c4        0x0 linker stubs
 *(.eh_frame)
 .eh_frame      0x000000000800c2c4        0x0 d:/stm32/stm32cube/stm32cubeide_1.7.0/stm32cubeide/plugins/com.st.stm32cube.ide.mcu.externaltools.gnu-tools-for-stm32.10.3-2021.10.win32_1.0.0.202111181127/tools/bin/../lib/gcc/arm-none-eabi/10.3.1/thumb/v7-m/nofp/crtbegin.o
 *(.init)
 .init          0x000000000800c2c4        0x4 d:/stm32/stm32cube/stm32cubeide_1.7.0/stm32cubeide/plugins/com.st.stm32cube.ide.mcu.externaltools.gnu-tools-for-stm32.10.3-2021.10.win32_1.0.0.202111181127/tools/bin/../lib/gcc/arm-none-eabi/10.3.1/thumb/v7-m/nofp/crti.o
                0x000000000800c2c4                _init
 .init          0x000000000800c2c8        0x8 d:/stm32/stm32cube/stm32cubeide_1.7.0/stm32cubeide/plugins/com.st.stm32cube.ide.mcu.externaltools.gnu-tools-for-stm32.10.3-2021.10.win32_1.0.0.202111181127/tools/bin/../lib/gcc/arm-none-eabi/10.3.1/thumb/v7-m/nofp/crtn.o
 *(.fini)
 .fini          0x000000000800c2d0        0x4 d:/stm32/stm32cube/stm32cubeide_1.7.0/stm32cubeide/plugins/com.st.stm32cube.ide.mcu.externaltools.gnu-tools-for-stm32.10.3-2021.10.win32_1.0.0.202111181127/tools/bin/../lib/gcc/arm-none-eabi/10.3.1/thumb/v7-m/nofp/crti.o
                0x000000000800c2d0                _fini
 .fini          0x000000000800c2d4        0x8 d:/stm32/stm32cube/stm32cubeide_1.7.0/stm32cubeide/plugins/com.st.stm32cube.ide.mcu.externaltools.gnu-tools-for-stm32.10.3-2021.10.win32_1.0.0.202111181127/tools/bin/../lib/gcc/arm-none-eabi/10.3.1/thumb/v7-m/nofp/crtn.o
                0x000000000800c2dc                . = ALIGN (0x4)
                0x000000000800c2dc                _etext = .

.vfp11_veneer   0x000000000800c2dc        0x0
 .vfp11_veneer  0x000000000800c2dc        0x0 linker stubs

.v4_bx          0x000000000800c2dc        0x0
 .v4_bx         0x000000000800c2dc        0x0 linker stubs

.iplt           0x000000000800c2dc        0x0
 .iplt          0x000000000800c2dc        0x0 d:/stm32/stm32cube/stm32cubeide_1.7.0/stm32cubeide/plugins/com.st.stm32cube.ide.mcu.externaltools.gnu-tools-for-stm32.10.3-2021.10.win32_1.0.0.202111181127/tools/bin/../lib/gcc/arm-none-eabi/10.3.1/thumb/v7-m/nofp/crtbegin.o

.rodata         0x000000000800c2e0     0x561c
                0x000000000800c2e0                . = ALIGN (0x4)
 *(.rodata)
 .rodata        0x000000000800c2e0       0x53 ./Core/Src/main.o
 *fill*         0x000000000800c333        0x1 
 .rodata        0x000000000800c334      0x2f2 ./Core/User/GUI_DEV/GUI_Paint.o
 *fill*         0x000000000800c626        0x2 
 .rodata        0x000000000800c628       0xad ./Core/User/example/LCD_1inch54_test.o
 *fill*         0x000000000800c6d5        0x3 
 .rodata        0x000000000800c6d8       0x10 ./Drivers/STM32F1xx_HAL_Driver/Src/stm32f1xx_hal_rcc.o
 .rodata        0x000000000800c6e8        0x5 ./Middlewares/Third_Party/FreeRTOS/Source/tasks.o
 *fill*         0x000000000800c6ed        0x3 
 .rodata        0x000000000800c6f0        0xd ./Middlewares/Third_Party/FreeRTOS/Source/timers.o
 *(.rodata*)
 *fill*         0x000000000800c6fd        0x3 
 .rodata.vMainTask_attributes
                0x000000000800c700       0x24 ./Core/Src/main.o
                0x000000000800c700                vMainTask_attributes
 .rodata.vDisplayTask_attributes
                0x000000000800c724       0x24 ./Core/Src/main.o
                0x000000000800c724                vDisplayTask_attributes
 .rodata.vBluetoothTask_attributes
                0x000000000800c748       0x24 ./Core/Src/main.o
                0x000000000800c748                vBluetoothTask_attributes
 .rodata.AHBPrescTable
                0x000000000800c76c       0x10 ./Core/Src/system_stm32f1xx.o
                0x000000000800c76c                AHBPrescTable
 .rodata.APBPrescTable
                0x000000000800c77c        0x8 ./Core/Src/system_stm32f1xx.o
                0x000000000800c77c                APBPrescTable
 .rodata.Font12_Table
                0x000000000800c784      0x474 ./Core/User/Fonts/font12.o
                0x000000000800c784                Font12_Table
 .rodata.Font24_Table
                0x000000000800cbf8     0x1ab8 ./Core/User/Fonts/font24.o
                0x000000000800cbf8                Font24_Table
 .rodata.Font24CN_Table
                0x000000000800e6b0     0x1182 ./Core/User/Fonts/font24CN.o
                0x000000000800e6b0                Font24CN_Table
 *fill*         0x000000000800f832        0x2 
 .rodata.gImage_1