../Drivers/CMSIS/Include/core_cm3.h:1818:27:ITM_SendChar	16	static,ignoring_inline_asm
../Core/Src/main.c:97:5:main	8	static
../Core/Src/main.c:199:6:SystemClock_Config	88	static
../Core/Src/main.c:242:13:MX_SPI1_Init	8	static
../Core/Src/main.c:278:13:MX_TIM3_Init	48	static
../Core/Src/main.c:325:13:MX_USART2_UART_Init	8	static
../Core/Src/main.c:356:13:MX_USB_PCD_Init	8	static
../Core/Src/main.c:385:13:MX_GPIO_Init	40	static
../Core/Src/main.c:437:6:StartDefaultTask	16	static
../Core/Src/main.c:454:6:StartTask02	16	static
../Core/Src/main.c:470:6:StartTask03	16	static
../Core/Src/main.c:483:5:_write	32	static
../Core/Src/main.c:496:6:Error_Handler	8	static
